Archive member included to satisfy reference by file (symbol)

/acct/mirandat/devkitPro/devkitARM/bin/../lib/gcc/arm-none-eabi/7.1.0/thumb/libgcc.a(_divsi3.o)
                              tonc_color.o (__aeabi_idiv)
/acct/mirandat/devkitPro/devkitARM/bin/../lib/gcc/arm-none-eabi/7.1.0/thumb/libgcc.a(_dvmd_tls.o)
                              /acct/mirandat/devkitPro/devkitARM/bin/../lib/gcc/arm-none-eabi/7.1.0/thumb/libgcc.a(_divsi3.o) (__aeabi_idiv0)
/acct/mirandat/devkitPro/devkitARM/bin/../lib/gcc/arm-none-eabi/7.1.0/../../../../arm-none-eabi/lib/thumb/libg.a(lib_a-init.o)
                              /acct/mirandat/devkitPro/devkitARM/bin/../lib/gcc/arm-none-eabi/7.1.0/../../../../arm-none-eabi/lib/thumb/gba_crt0.o (__libc_init_array)
/acct/mirandat/devkitPro/devkitARM/bin/../lib/gcc/arm-none-eabi/7.1.0/../../../../arm-none-eabi/lib/thumb/libg.a(lib_a-locale.o)
                              tte_main.o (__locale_ctype_ptr)
/acct/mirandat/devkitPro/devkitARM/bin/../lib/gcc/arm-none-eabi/7.1.0/../../../../arm-none-eabi/lib/thumb/libg.a(lib_a-mbtowc_r.o)
                              /acct/mirandat/devkitPro/devkitARM/bin/../lib/gcc/arm-none-eabi/7.1.0/../../../../arm-none-eabi/lib/thumb/libg.a(lib_a-locale.o) (__ascii_mbtowc)
/acct/mirandat/devkitPro/devkitARM/bin/../lib/gcc/arm-none-eabi/7.1.0/../../../../arm-none-eabi/lib/thumb/libg.a(lib_a-memmove.o)
                              tonc_color.o (memmove)
/acct/mirandat/devkitPro/devkitARM/bin/../lib/gcc/arm-none-eabi/7.1.0/../../../../arm-none-eabi/lib/thumb/libg.a(lib_a-memset.o)
                              tonc_surface.o (memset)
/acct/mirandat/devkitPro/devkitARM/bin/../lib/gcc/arm-none-eabi/7.1.0/../../../../arm-none-eabi/lib/thumb/libg.a(lib_a-setvbuf.o)
                              tte_iohook.o (setvbuf)
/acct/mirandat/devkitPro/devkitARM/bin/../lib/gcc/arm-none-eabi/7.1.0/../../../../arm-none-eabi/lib/thumb/libg.a(lib_a-siscanf.o)
                              tte_iohook.o (siscanf)
/acct/mirandat/devkitPro/devkitARM/bin/../lib/gcc/arm-none-eabi/7.1.0/../../../../arm-none-eabi/lib/thumb/libg.a(lib_a-stdio.o)
                              /acct/mirandat/devkitPro/devkitARM/bin/../lib/gcc/arm-none-eabi/7.1.0/../../../../arm-none-eabi/lib/thumb/libg.a(lib_a-siscanf.o) (__seofread)
/acct/mirandat/devkitPro/devkitARM/bin/../lib/gcc/arm-none-eabi/7.1.0/../../../../arm-none-eabi/lib/thumb/libg.a(lib_a-strcasecmp.o)
                              /acct/mirandat/devkitPro/devkitARM/bin/../lib/gcc/arm-none-eabi/7.1.0/../../../../arm-none-eabi/lib/thumb/libg.a(lib_a-locale.o) (strcasecmp)
/acct/mirandat/devkitPro/devkitARM/bin/../lib/gcc/arm-none-eabi/7.1.0/../../../../arm-none-eabi/lib/thumb/libg.a(lib_a-strcat.o)
                              /acct/mirandat/devkitPro/devkitARM/bin/../lib/gcc/arm-none-eabi/7.1.0/../../../../arm-none-eabi/lib/thumb/libg.a(lib_a-locale.o) (strcat)
/acct/mirandat/devkitPro/devkitARM/bin/../lib/gcc/arm-none-eabi/7.1.0/../../../../arm-none-eabi/lib/thumb/libg.a(lib_a-strchr.o)
                              /acct/mirandat/devkitPro/devkitARM/bin/../lib/gcc/arm-none-eabi/7.1.0/../../../../arm-none-eabi/lib/thumb/libg.a(lib_a-locale.o) (strchr)
/acct/mirandat/devkitPro/devkitARM/bin/../lib/gcc/arm-none-eabi/7.1.0/../../../../arm-none-eabi/lib/thumb/libg.a(lib_a-strcmp.o)
                              /acct/mirandat/devkitPro/devkitARM/bin/../lib/gcc/arm-none-eabi/7.1.0/../../../../arm-none-eabi/lib/thumb/libg.a(lib_a-locale.o) (strcmp)
/acct/mirandat/devkitPro/devkitARM/bin/../lib/gcc/arm-none-eabi/7.1.0/../../../../arm-none-eabi/lib/thumb/libg.a(lib_a-strcpy.o)
                              /acct/mirandat/devkitPro/devkitARM/bin/../lib/gcc/arm-none-eabi/7.1.0/../../../../arm-none-eabi/lib/thumb/libg.a(lib_a-locale.o) (strcpy)
/acct/mirandat/devkitPro/devkitARM/bin/../lib/gcc/arm-none-eabi/7.1.0/../../../../arm-none-eabi/lib/thumb/libg.a(lib_a-strlcpy.o)
                              /acct/mirandat/devkitPro/devkitARM/bin/../lib/gcc/arm-none-eabi/7.1.0/../../../../arm-none-eabi/lib/thumb/libg.a(lib_a-locale.o) (strlcpy)
/acct/mirandat/devkitPro/devkitARM/bin/../lib/gcc/arm-none-eabi/7.1.0/../../../../arm-none-eabi/lib/thumb/libg.a(lib_a-strlen-stub.o)
                              /acct/mirandat/devkitPro/devkitARM/bin/../lib/gcc/arm-none-eabi/7.1.0/../../../../arm-none-eabi/lib/thumb/libg.a(lib_a-locale.o) (strlen)
/acct/mirandat/devkitPro/devkitARM/bin/../lib/gcc/arm-none-eabi/7.1.0/../../../../arm-none-eabi/lib/thumb/libg.a(lib_a-strncasecmp.o)
                              /acct/mirandat/devkitPro/devkitARM/bin/../lib/gcc/arm-none-eabi/7.1.0/../../../../arm-none-eabi/lib/thumb/libg.a(lib_a-locale.o) (strncasecmp)
/acct/mirandat/devkitPro/devkitARM/bin/../lib/gcc/arm-none-eabi/7.1.0/../../../../arm-none-eabi/lib/thumb/libg.a(lib_a-strncmp.o)
                              /acct/mirandat/devkitPro/devkitARM/bin/../lib/gcc/arm-none-eabi/7.1.0/../../../../arm-none-eabi/lib/thumb/libg.a(lib_a-locale.o) (strncmp)
[...]
Memory Configuration

Name             Origin             Length             Attributes
rom              0x0000000008000000 0x0000000002000000
iwram            0x0000000003000000 0x0000000000008000
ewram            0x0000000002000000 0x0000000000040000
*default*        0x0000000000000000 0xffffffffffffffff

Linker script and memory map

                0x0000000008000000                __text_start = ORIGIN (rom)
                0x0000000002040000                __eheap_end = (ORIGIN (ewram) + LENGTH (ewram))
                0x0000000003000000                __iwram_start = ORIGIN (iwram)
                0x0000000003008000                __iwram_top = (ORIGIN (iwram) + LENGTH (iwram))
                0x0000000003007fa0                __sp_irq = (__iwram_top - 0x60)
                0x0000000003007f00                __sp_usr = (__sp_irq - 0xa0)
                0x0000000003007ff8                __irq_flags = 0x3007ff8
                0x0000000008000000                . = __text_start

.crt0           0x0000000008000000      0x210
 *(.crt0)
 .crt0          0x0000000008000000      0x210 /acct/mirandat/devkitPro/devkitARM/bin/../lib/gcc/arm-none-eabi/7.1.0/../../../../arm-none-eabi/lib/thumb/gba_crt0.o
                0x0000000008000000                _start
                0x00000000080000c4                __boot_method
                0x00000000080000c5                __slave_number
                0x00000000080000e0                start_vector
                0x0000000008000210                . = ALIGN (0x4)

.init           0x0000000008000210        0xc
 *(SORT(.init))
 .init          0x0000000008000210        0x4 /acct/mirandat/devkitPro/devkitARM/bin/../lib/gcc/arm-none-eabi/7.1.0/thumb/crti.o
                0x0000000008000210                _init
 .init          0x0000000008000214        0x8 /acct/mirandat/devkitPro/devkitARM/bin/../lib/gcc/arm-none-eabi/7.1.0/thumb/crtn.o

.plt            0x000000000800021c        0x0
 *(.plt)
                0x000000000800021c                . = ALIGN (0x4)

.text           0x000000000800021c      0xaa0
 *(EXCLUDE_FILE(*.iwram*) .text)
 .text          0x000000000800021c      0x158 ball.o
                0x000000000800021c                seven_seg
 .text          0x0000000008000374      0x244 tonc_bmp16.o
                0x0000000008000374                bmp16_plot
                0x0000000008000388                bmp16_hline
                0x00000000080003b8                bmp16_vline
                0x00000000080003f4                bmp16_line
                0x00000000080004d8                bmp16_rect
                0x0000000008000538                bmp16_frame
 .text          0x00000000080005b8       0x3c tonc_memset.o
                0x00000000080005b8                memset16
 *(.text .stub .text.* .gnu.linkonce.t.*)
 .text.deregister_tm_clones
                0x00000000080005f4       0x2c /acct/mirandat/devkitPro/devkitARM/bin/../lib/gcc/arm-none-eabi/7.1.0/thumb/crtbegin.o
 .text.register_tm_clones
                0x0000000008000620       0x34 /acct/mirandat/devkitPro/devkitARM/bin/../lib/gcc/arm-none-eabi/7.1.0/thumb/crtbegin.o
 .text.__do_global_dtors_aux
                0x0000000008000654       0x30 /acct/mirandat/devkitPro/devkitARM/bin/../lib/gcc/arm-none-eabi/7.1.0/thumb/crtbegin.o
 .text.frame_dummy
                0x0000000008000684       0x28 /acct/mirandat/devkitPro/devkitARM/bin/../lib/gcc/arm-none-eabi/7.1.0/thumb/crtbegin.o
 .text.startup  0x00000000080006ac      0x5bc ball.o
                0x00000000080006ac                main
 .text.__libc_init_array
                0x0000000008000c68       0x54 /acct/mirandat/devkitPro/devkitARM/bin/../lib/gcc/arm-none-eabi/7.1.0/../../../../arm-none-eabi/lib/thumb/libg.a(lib_a-init.o)
                0x0000000008000c68                __libc_init_array
 *(.text.*personality*)
 *(.gnu.warning)
 *(.glue_7t)
 .glue_7t       0x0000000008000cbc        0x0 linker stubs
 *(.glue_7)
 .glue_7        0x0000000008000cbc        0x0 linker stubs
 *(.vfp11_veneer)
 .vfp11_veneer  0x0000000008000cbc        0x0 linker stubs
                0x0000000008000cbc                . = ALIGN (0x4)
                0x0000000008000cbc                __text_end = .

.v4_bx          0x0000000008000cbc        0x0
 .v4_bx         0x0000000008000cbc        0x0 linker stubs

.iplt           0x0000000008000cbc        0x0
 .iplt          0x0000000008000cbc        0x0 /acct/mirandat/devkitPro/devkitARM/bin/../lib/gcc/arm-none-eabi/7.1.0/../../../../arm-none-eabi/lib/thumb/gba_crt0.o

.fini           0x0000000008000cbc        0xc
 *(.fini)
 .fini          0x0000000008000cbc        0x4 /acct/mirandat/devkitPro/devkitARM/bin/../lib/gcc/arm-none-eabi/7.1.0/thumb/crti.o
                0x0000000008000cbc                _fini
 .fini          0x0000000008000cc0        0x8 /acct/mirandat/devkitPro/devkitARM/bin/../lib/gcc/arm-none-eabi/7.1.0/thumb/crtn.o
                0x0000000008000cc8                . = ALIGN (0x4)

.rodata         0x0000000008000cc8        0x0
 *(.rodata)
 *all.rodata*(*)
 *(.roda)
 *(.rodata.*)
 *(.gnu.linkonce.r*)
                0x0000000008000cc8                . = ALIGN (0x4)

.ARM.extab
 *(.ARM.extab* .gnu.linkonce.armextab.*)
                0x0000000008000cc8                __exidx_start = .

.ARM.exidx
 *(.ARM.exidx* .gnu.linkonce.armexidx.*)
                0x0000000008000cc8                __exidx_end = .

.ctors          0x0000000008000cc8        0x0
 *crtbegin.o(.ctors)
 *(EXCLUDE_FILE(*crtend.o) .ctors)
 *(SORT(.ctors.*))
 *(.ctors)
                0x0000000008000cc8                . = ALIGN (0x4)

.dtors          0x0000000008000cc8        0x0
 *crtbegin.o(.dtors)
 *(EXCLUDE_FILE(*crtend.o) .dtors)
 *(SORT(.dtors.*))
 *(.dtors)
                0x0000000008000cc8                . = ALIGN (0x4)

.eh_frame       0x0000000008000cc8        0x4
 *(.eh_frame)
 .eh_frame      0x0000000008000cc8        0x0 /acct/mirandat/devkitPro/devkitARM/bin/../lib/gcc/arm-none-eabi/7.1.0/thumb/crtbegin.o
 .eh_frame      0x0000000008000cc8        0x4 /acct/mirandat/devkitPro/devkitARM/bin/../lib/gcc/arm-none-eabi/7.1.0/thumb/crtend.o
                0x0000000008000ccc                . = ALIGN (0x4)

.gcc_except_table
                0x0000000008000ccc        0x0
 *(.gcc_except_table)
                0x0000000008000ccc                . = ALIGN (0x4)
                0x0000000008000ccc                __iwram_lma = .

.iwram          0x0000000003000000       0x4c load address 0x0000000008000ccc
                0x0000000003000000                __iwram_start__ = ABSOLUTE (.)
 *(.iwram)
 .iwram         0x0000000003000000       0x4c tonc_memset.o
                0x0000000003000000                memset32
 *iwram.*(.text)
                0x000000000300004c                . = ALIGN (0x4)
                0x000000000300004c                __iwram_end__ = ABSOLUTE (.)
                0x0000000008000d18                __data_lma = (__iwram_lma + SIZEOF (.iwram))

.rel.dyn        0x000000000300004c        0x0 load address 0x0000000008000d18
 .rel.iplt      0x000000000300004c        0x0 /acct/mirandat/devkitPro/devkitARM/bin/../lib/gcc/arm-none-eabi/7.1.0/../../../../arm-none-eabi/lib/thumb/gba_crt0.o

.bss            0x000000000300004c       0x24
                0x000000000300004c                __bss_start = ABSOLUTE (.)
                0x000000000300004c                __bss_start__ = ABSOLUTE (.)
 *(.dynbss)
 *(.gnu.linkonce.b*)
 *(.bss*)
 .bss.completed.6484
                0x000000000300004c        0x1 /acct/mirandat/devkitPro/devkitARM/bin/../lib/gcc/arm-none-eabi/7.1.0/thumb/crtbegin.o
 *fill*         0x000000000300004d        0x3 
 .bss.object.6489
                0x0000000003000050       0x18 /acct/mirandat/devkitPro/devkitARM/bin/../lib/gcc/arm-none-eabi/7.1.0/thumb/crtbegin.o
 .bss           0x0000000003000068        0x4 tonc_input.o
                0x0000000003000068                __key_curr
                0x000000000300006a                __key_prev
 .bss.fake_heap_end
                0x000000000300006c        0x4 /acct/mirandat/devkitPro/devkitARM/bin/../lib/gcc/arm-none-eabi/7.1.0/../../../../arm-none-eabi/lib/thumb/libsysbase.a(malloc_vars.o)
                0x000000000300006c                fake_heap_end
 *(COMMON)
                0x0000000003000070                . = ALIGN (0x4)
                0x0000000003000070                __bss_end__ = ABSOLUTE (.)

.data           0x0000000003000070        0x0 load address 0x0000000008000d18
                0x0000000003000070                __data_start__ = ABSOLUTE (.)
 *(.data)
 *(.data.*)
 *(.gnu.linkonce.d*)
                0x0000000003000070                . = ALIGN (0x4)
                0x0000000008000d18                __preinit_lma = (__data_lma + SIZEOF (.data))

.igot.plt       0x000000000300004c        0x0 load address 0x0000000008000d3c
 .igot.plt      0x000000000300004c        0x0 /acct/mirandat/devkitPro/devkitARM/bin/../lib/gcc/arm-none-eabi/7.1.0/../../../../arm-none-eabi/lib/thumb/gba_crt0.o

.tm_clone_table
                0x000000000300004c        0x0 load address 0x0000000008000d3c
 .tm_clone_table
                0x000000000300004c        0x0 /acct/mirandat/devkitPro/devkitARM/bin/../lib/gcc/arm-none-eabi/7.1.0/thumb/crtbegin.o
 .tm_clone_table
                0x000000000300004c        0x0 /acct/mirandat/devkitPro/devkitARM/bin/../lib/gcc/arm-none-eabi/7.1.0/thumb/crtend.o

.preinit_array  0x0000000003000070        0x0 load address 0x0000000008000d18
                0x0000000003000070                __preinit_array_start = ABSOLUTE (.)
 *(.preinit_array)
                0x0000000003000070                __preinit_array_end = ABSOLUTE (.)
                0x0000000008000d18                __init_lma = (__preinit_lma + SIZEOF (.preinit_array))

.init_array     0x0000000003000070        0x4 load address 0x0000000008000d18
                0x0000000003000070                __init_array_start = ABSOLUTE (.)
 *(SORT(.init_array.*))
 *(.init_array)
 .init_array    0x0000000003000070        0x4 /acct/mirandat/devkitPro/devkitARM/bin/../lib/gcc/arm-none-eabi/7.1.0/thumb/crtbegin.o
                0x0000000003000074                __init_array_end = ABSOLUTE (.)
                0x0000000008000d1c                __fini_lma = (__init_lma + SIZEOF (.init_array))

.fini_array     0x0000000003000074        0x4 load address 0x0000000008000d1c
                0x0000000003000074                __fini_array_start = ABSOLUTE (.)
 *(SORT(.fini_array.*))
 *(.fini_array)
 .fini_array    0x0000000003000074        0x4 /acct/mirandat/devkitPro/devkitARM/bin/../lib/gcc/arm-none-eabi/7.1.0/thumb/crtbegin.o
                0x0000000003000078                __fini_array_end = ABSOLUTE (.)
                0x0000000008000d20                __jcr_lma = (__fini_lma + SIZEOF (.fini_array))

.jcr            0x0000000003000078        0x0 load address 0x0000000008000d20
 *(.jcr)
                0x0000000003000078                __data_end__ = ABSOLUTE (.)
                0x0000000008000d20                __iwram_overlay_lma = (__jcr_lma + SIZEOF (.jcr))
                0x0000000003000078                __iwram_overlay_start = .

.iwram0         0x0000000003000078        0x0 load address 0x0000000008000d20
 *(.iwram0)
                0x0000000003000078                . = ALIGN (0x4)
                0x0000000008000d20                PROVIDE (__load_start_iwram0, LOADADDR (.iwram0))
                0x0000000008000d20                PROVIDE (__load_stop_iwram0, (LOADADDR (.iwram0) + SIZEOF (.iwram0)))

.iwram1         0x0000000003000078        0x0
 *(.iwram1)
                0x0000000003000078                . = ALIGN (0x4)
                [!provide]                        PROVIDE (__load_start_iwram1, LOADADDR (.iwram1))
                [!provide]                        PROVIDE (__load_stop_iwram1, (LOADADDR (.iwram1) + SIZEOF (.iwram1)))

.iwram2         0x0000000003000078        0x0
 *(.iwram2)
                0x0000000003000078                . = ALIGN (0x4)
                [!provide]                        PROVIDE (__load_start_iwram2, LOADADDR (.iwram2))
                [!provide]                        PROVIDE (__load_stop_iwram2, (LOADADDR (.iwram2) + SIZEOF (.iwram2)))

.iwram3         0x0000000003000078        0x0
 *(.iwram3)
                0x0000000003000078                . = ALIGN (0x4)
                [!provide]                        PROVIDE (__load_start_iwram3, LOADADDR (.iwram3))
                [!provide]                        PROVIDE (__load_stop_iwram3, (LOADADDR (.iwram3) + SIZEOF (.iwram3)))

.iwram4         0x0000000003000078        0x0
 *(.iwram4)
                0x0000000003000078                . = ALIGN (0x4)
                [!provide]                        PROVIDE (__load_start_iwram4, LOADADDR (.iwram4))
                [!provide]                        PROVIDE (__load_stop_iwram4, (LOADADDR (.iwram4) + SIZEOF (.iwram4)))

.iwram5         0x0000000003000078        0x0
 *(.iwram5)
                0x0000000003000078                . = ALIGN (0x4)
                [!provide]                        PROVIDE (__load_start_iwram5, LOADADDR (.iwram5))
                [!provide]                        PROVIDE (__load_stop_iwram5, (LOADADDR (.iwram5) + SIZEOF (.iwram5)))

.iwram6         0x0000000003000078        0x0
 *(.iwram6)
                0x0000000003000078                . = ALIGN (0x4)
                [!provide]                        PROVIDE (__load_start_iwram6, LOADADDR (.iwram6))
                [!provide]                        PROVIDE (__load_stop_iwram6, (LOADADDR (.iwram6) + SIZEOF (.iwram6)))

.iwram7         0x0000000003000078        0x0
 *(.iwram7)
                0x0000000003000078                . = ALIGN (0x4)
                [!provide]                        PROVIDE (__load_start_iwram7, LOADADDR (.iwram7))
                [!provide]                        PROVIDE (__load_stop_iwram7, (LOADADDR (.iwram7) + SIZEOF (.iwram7)))

.iwram8         0x0000000003000078        0x0
 *(.iwram8)
                0x0000000003000078                . = ALIGN (0x4)
                [!provide]                        PROVIDE (__load_start_iwram8, LOADADDR (.iwram8))
                [!provide]                        PROVIDE (__load_stop_iwram8, (LOADADDR (.iwram8) + SIZEOF (.iwram8)))

.iwram9         0x0000000003000078        0x0
 *(.iwram9)
                0x0000000003000078                . = ALIGN (0x4)
                [!provide]                        PROVIDE (__load_start_iwram9, LOADADDR (.iwram9))
                [!provide]                        PROVIDE (__load_stop_iwram9, (LOADADDR (.iwram9) + SIZEOF (.iwram9)))
                0x0000000003000078                __iwram_overlay_end = .
                0x0000000008000d20                __ewram_lma = (__iwram_overlay_lma + (__iwram_overlay_end - __iwram_overlay_start))
                0x0000000003000078                __iheap_start = .
                0x0000000002000000                __ewram_start = ORIGIN (ewram)

.ewram          0x0000000002000000        0x0 load address 0x0000000008000d20
 *(.ewram)
                0x0000000002000000                . = ALIGN (0x4)
                0x0000000002000000                __ewram_end = ABSOLUTE (.)
                0x0000000008000d20                __pad_lma = (__ewram_lma + SIZEOF (.ewram))

.sbss           0x0000000002000000        0x0
                0x0000000002000000                __sbss_start__ = ABSOLUTE (.)
 *(.sbss)
                0x0000000002000000                . = ALIGN (0x4)
                0x0000000002000000                __sbss_end__ = ABSOLUTE (.)
                0x0000000002000000                __end__ = ABSOLUTE (.)
                0x0000000002000000                __eheap_start = ABSOLUTE (.)

.pad            0x0000000002000000        0x8 load address 0x0000000008000d20
                0x0000000002000000        0x4 LONG 0x52416b64
                0x0000000002000004        0x4 LONG 0x4d
                0x0000000002000008                . = ALIGN (0x4)
                0x0000000008000d28                __rom_end__ = (__pad_lma + SIZEOF (.pad))

.stab
 *(.stab)

.stabstr
 *(.stabstr)

.stab.excl
 *(.stab.excl)

.stab.exclstr
 *(.stab.exclstr)

.stab.index
 *(.stab.index)

.stab.indexstr
 *(.stab.indexstr)

.comment        0x0000000000000000       0x22
 *(.comment)
 .comment       0x0000000000000000       0x22 /acct/mirandat/devkitPro/devkitARM/bin/../lib/gcc/arm-none-eabi/7.1.0/thumb/crtbegin.o
                                         0x23 (size before relaxing)
 .comment       0x0000000000000022       0x23 ball.o
 .comment       0x0000000000000022       0x23 tonc_bg_affine.o
 .comment       0x0000000000000022       0x23 tonc_color.o
 .comment       0x0000000000000022       0x23 tonc_sbmp8.o
 .comment       0x0000000000000022       0x23 tonc_schr4r.o
 .comment       0x0000000000000022       0x23 tonc_bmp16.o
 .comment       0x0000000000000022       0x23 tonc_irq.o
 .comment       0x0000000000000022       0x23 tonc_bg.o
 .comment       0x0000000000000022       0x23 tonc_obj_affine.o
 .comment       0x0000000000000022       0x23 tonc_core.o
 .comment       0x0000000000000022       0x23 tonc_schr4c.o
 .comment       0x0000000000000022       0x23 tonc_math.o
 .comment       0x0000000000000022       0x23 tonc_bmp8.o
 .comment       0x0000000000000022       0x23 tonc_surface.o
 .comment       0x0000000000000022       0x23 tonc_oam.o
 .comment       0x0000000000000022       0x23 tonc_sbmp16.o
 .comment       0x0000000000000022       0x23 tonc_video.o
 .comment       0x0000000000000022       0x23 tonc_input.o
 .comment       0x0000000000000022       0x23 tte_init_chr4c.o
 .comment       0x0000000000000022       0x23 obj_drawg.o
 .comment       0x0000000000000022       0x23 bmp16_drawg_b1cs.o
 .comment       0x0000000000000022       0x23 tte_main.o
 .comment       0x0000000000000022       0x23 chr4r_drawg_b1cts.o
 .comment       0x0000000000000022       0x23 tte_init_obj.o
 .comment       0x0000000000000022       0x23 tte_init_ase.o
 .comment       0x0000000000000022       0x23 bmp16_drawg.o
 .comment       0x0000000000000022       0x23 chr4c_drawg_b1cts.o
 .comment       0x0000000000000022       0x23 tte_init_chr4r.o
 .comment       0x0000000000000022       0x23 bmp8_drawg.o
 .comment       0x0000000000000022       0x23 chr4c_drawg_b4cts.o
 .comment       0x0000000000000022       0x23 ase_drawg.o
 .comment       0x0000000000000022       0x23 se_drawg.o
 .comment       0x0000000000000022       0x23 tte_iohook.o
 .comment       0x0000000000000022       0x23 tte_init_se.o
 .comment       0x0000000000000022       0x23 tte_init_bmp.o
 .comment       0x0000000000000022       0x23 bmp8_drawg_b1cs.o
 .comment       0x0000000000000022       0x23 tonc_text_map.o
 .comment       0x0000000000000022       0x23 tonc_text.o
 .comment       0x0000000000000022       0x23 tonc_text_bm.o
 .comment       0x0000000000000022       0x23 tonc_text_oam.o
 .comment       0x0000000000000022       0x23 tonc_bitmap.o
 .comment       0x0000000000000022       0x23 /acct/mirandat/devkitPro/devkitARM/bin/../lib/gcc/arm-none-eabi/7.1.0/../../../../arm-none-eabi/lib/thumb/libg.a(lib_a-init.o)
 .comment       0x0000000000000022       0x23 /acct/mirandat/devkitPro/devkitARM/bin/../lib/gcc/arm-none-eabi/7.1.0/../../../../arm-none-eabi/lib/thumb/libg.a(lib_a-locale.o)
 .comment       0x0000000000000022       0x23 /acct/mirandat/devkitPro/devkitARM/bin/../lib/gcc/arm-none-eabi/7.1.0/../../../../arm-none-eabi/lib/thumb/libg.a(lib_a-mbtowc_r.o)
 .comment       0x0000000000000022       0x23 /acct/mirandat/devkitPro/devkitARM/bin/../lib/gcc/arm-none-eabi/7.1.0/../../../../arm-none-eabi/lib/thumb/libg.a(lib_a-memmove.o)
 .comment       0x0000000000000022       0x23 /acct/mirandat/devkitPro/devkitARM/bin/../lib/gcc/arm-none-eabi/7.1.0/../../../../arm-none-eabi/lib/thumb/libg.a(lib_a-memset.o)
 .comment       0x0000000000000022       0x23 /acct/mirandat/devkitPro/devkitARM/bin/../lib/gcc/arm-none-eabi/7.1.0/../../../../arm-none-eabi/lib/thumb/libg.a(lib_a-setvbuf.o)
 .comment       0x0000000000000022       0x23 /acct/mirandat/devkitPro/devkitARM/bin/../lib/gcc/arm-none-eabi/7.1.0/../../../../arm-none-eabi/lib/thumb/libg.a(lib_a-siscanf.o)
 .comment       0x0000000000000022       0x23 /acct/mirandat/devkitPro/devkitARM/bin/../lib/gcc/arm-none-eabi/7.1.0/../../../../arm-none-eabi/lib/thumb/libg.a(lib_a-stdio.o)
 .comment       0x0000000000000022       0x23 /acct/mirandat/devkitPro/devkitARM/bin/../lib/gcc/arm-none-eabi/7.1.0/../../../../arm-none-eabi/lib/thumb/libg.a(lib_a-strcasecmp.o)
 .comment       0x0000000000000022       0x23 /acct/mirandat/devkitPro/devkitARM/bin/../lib/gcc/arm-none-eabi/7.1.0/../../../../arm-none-eabi/lib/thumb/libg.a(lib_a-strcat.o)
 .comment       0x0000000000000022       0x23 /acct/mirandat/devkitPro/devkitARM/bin/../lib/gcc/arm-none-eabi/7.1.0/../../../../arm-none-eabi/lib/thumb/libg.a(lib_a-strchr.o)
 .comment       0x0000000000000022       0x23 /acct/mirandat/devkitPro/devkitARM/bin/../lib/gcc/arm-none-eabi/7.1.0/../../../../arm-none-eabi/lib/thumb/libg.a(lib_a-strcpy.o)
 .comment       0x0000000000000022       0x23 /acct/mirandat/devkitPro/devkitARM/bin/../lib/gcc/arm-none-eabi/7.1.0/../../../../arm-none-eabi/lib/thumb/libg.a(lib_a-strlcpy.o)
 .comment       0x0000000000000022       0x23 /acct/mirandat/devkitPro/devkitARM/bin/../lib/gcc/arm-none-eabi/7.1.0/../../../../arm-none-eabi/lib/thumb/libg.a(lib_a-strlen-stub.o)
 .comment       0x0000000000000022       0x23 /acct/mirandat/devkitPro/devkitARM/bin/../lib/gcc/arm-none-eabi/7.1.0/../../../../arm-none-eabi/lib/thumb/libg.a(lib_a-strncasecmp.o)
 .comment       0x0000000000000022       0x23 /acct/mirandat/devkitPro/devkitARM/bin/../lib/gcc/arm-none-eabi/7.1.0/../../../../arm-none-eabi/lib/thumb/libg.a(lib_a-strncmp.o)
 .comment       0x0000000000000022       0x23 /acct/mirandat/devkitPro/devkitARM/bin/../lib/gcc/arm-none-eabi/7.1.0/../../../../arm-none-eabi/lib/thumb/libg.a(lib_a-strncpy.o)
 .comment       0x0000000000000022       0x23 /acct/mirandat/devkitPro/devkitARM/bin/../lib/gcc/arm-none-eabi/7.1.0/../../../../arm-none-eabi/lib/thumb/libg.a(lib_a-strtol.o)
 .comment       0x0000000000000022       0x23 /acct/mirandat/devkitPro/devkitARM/bin/../lib/gcc/arm-none-eabi/7.1.0/../../../../arm-none-eabi/lib/thumb/libg.a(lib_a-svfiscanf.o)
 .comment       0x0000000000000022       0x23 /acct/mirandat/devkitPro/devkitARM/bin/../lib/gcc/arm-none-eabi/7.1.0/../../../../arm-none-eabi/lib/thumb/libg.a(lib_a-ungetc.o)
 .comment       0x0000000000000022       0x23 /acct/mirandat/devkitPro/devkitARM/bin/../lib/gcc/arm-none-eabi/7.1.0/../../../../arm-none-eabi/lib/thumb/libg.a(lib_a-wctomb_r.o)
 .comment       0x0000000000000022       0x23 /acct/mirandat/devkitPro/devkitARM/bin/../lib/gcc/arm-none-eabi/7.1.0/../../../../arm-none-eabi/lib/thumb/libg.a(lib_a-ctype_.o)
 .comment       0x0000000000000022       0x23 /acct/mirandat/devkitPro/devkitARM/bin/../lib/gcc/arm-none-eabi/7.1.0/../../../../arm-none-eabi/lib/thumb/libg.a(lib_a-fflush.o)
 .comment       0x0000000000000022       0x23 /acct/mirandat/devkitPro/devkitARM/bin/../lib/gcc/arm-none-eabi/7.1.0/../../../../arm-none-eabi/lib/thumb/libg.a(lib_a-findfp.o)
 .comment       0x0000000000000022       0x23 /acct/mirandat/devkitPro/devkitARM/bin/../lib/gcc/arm-none-eabi/7.1.0/../../../../arm-none-eabi/lib/thumb/libg.a(lib_a-freer.o)
 .comment       0x0000000000000022       0x23 /acct/mirandat/devkitPro/devkitARM/bin/../lib/gcc/arm-none-eabi/7.1.0/../../../../arm-none-eabi/lib/thumb/libg.a(lib_a-fwalk.o)
 .comment       0x0000000000000022       0x23 /acct/mirandat/devkitPro/devkitARM/bin/../lib/gcc/arm-none-eabi/7.1.0/../../../../arm-none-eabi/lib/thumb/libg.a(lib_a-getenv_r.o)
 .comment       0x0000000000000022       0x23 /acct/mirandat/devkitPro/devkitARM/bin/../lib/gcc/arm-none-eabi/7.1.0/../../../../arm-none-eabi/lib/thumb/libg.a(lib_a-impure.o)
 .comment       0x0000000000000022       0x23 /acct/mirandat/devkitPro/devkitARM/bin/../lib/gcc/arm-none-eabi/7.1.0/../../../../arm-none-eabi/lib/thumb/libg.a(lib_a-iswspace.o)
 .comment       0x0000000000000022       0x23 /acct/mirandat/devkitPro/devkitARM/bin/../lib/gcc/arm-none-eabi/7.1.0/../../../../arm-none-eabi/lib/thumb/libg.a(lib_a-jp2uc.o)
 .comment       0x0000000000000022       0x23 /acct/mirandat/devkitPro/devkitARM/bin/../lib/gcc/arm-none-eabi/7.1.0/../../../../arm-none-eabi/lib/thumb/libg.a(lib_a-makebuf.o)
 .comment       0x0000000000000022       0x23 /acct/mirandat/devkitPro/devkitARM/bin/../lib/gcc/arm-none-eabi/7.1.0/../../../../arm-none-eabi/lib/thumb/libg.a(lib_a-malloc.o)
 .comment       0x0000000000000022       0x23 /acct/mirandat/devkitPro/devkitARM/bin/../lib/gcc/arm-none-eabi/7.1.0/../../../../arm-none-eabi/lib/thumb/libg.a(lib_a-mallocr.o)
 .comment       0x0000000000000022       0x23 /acct/mirandat/devkitPro/devkitARM/bin/../lib/gcc/arm-none-eabi/7.1.0/../../../../arm-none-eabi/lib/thumb/libg.a(lib_a-mbrtowc.o)
 .comment       0x0000000000000022       0x23 /acct/mirandat/devkitPro/devkitARM/bin/../lib/gcc/arm-none-eabi/7.1.0/../../../../arm-none-eabi/lib/thumb/libg.a(lib_a-memcpy-stub.o)
 .comment       0x0000000000000022       0x23 /acct/mirandat/devkitPro/devkitARM/bin/../lib/gcc/arm-none-eabi/7.1.0/../../../../arm-none-eabi/lib/thumb/libg.a(lib_a-mlock.o)
 .comment       0x0000000000000022       0x23 /acct/mirandat/devkitPro/devkitARM/bin/../lib/gcc/arm-none-eabi/7.1.0/../../../../arm-none-eabi/lib/thumb/libg.a(lib_a-reallocr.o)
 .comment       0x0000000000000022       0x23 /acct/mirandat/devkitPro/devkitARM/bin/../lib/gcc/arm-none-eabi/7.1.0/../../../../arm-none-eabi/lib/thumb/libg.a(lib_a-sccl.o)
 .comment       0x0000000000000022       0x23 /acct/mirandat/devkitPro/devkitARM/bin/../lib/gcc/arm-none-eabi/7.1.0/../../../../arm-none-eabi/lib/thumb/libg.a(lib_a-strtoll.o)
 .comment       0x0000000000000022       0x23 /acct/mirandat/devkitPro/devkitARM/bin/../lib/gcc/arm-none-eabi/7.1.0/../../../../arm-none-eabi/lib/thumb/libg.a(lib_a-strtoull.o)
 .comment       0x0000000000000022       0x23 /acct/mirandat/devkitPro/devkitARM/bin/../lib/gcc/arm-none-eabi/7.1.0/../../../../arm-none-eabi/lib/thumb/libg.a(lib_a-strtoul.o)
 .comment       0x0000000000000022       0x23 /acct/mirandat/devkitPro/devkitARM/bin/../lib/gcc/arm-none-eabi/7.1.0/../../../../arm-none-eabi/lib/thumb/libg.a(lib_a-environ.o)
 .comment       0x0000000000000022       0x23 /acct/mirandat/devkitPro/devkitARM/bin/../lib/gcc/arm-none-eabi/7.1.0/../../../../arm-none-eabi/lib/thumb/libg.a(lib_a-envlock.o)
 .comment       0x0000000000000022       0x23 /acct/mirandat/devkitPro/devkitARM/bin/../lib/gcc/arm-none-eabi/7.1.0/../../../../arm-none-eabi/lib/thumb/libg.a(lib_a-fclose.o)
 .comment       0x0000000000000022       0x23 /acct/mirandat/devkitPro/devkitARM/bin/../lib/gcc/arm-none-eabi/7.1.0/../../../../arm-none-eabi/lib/thumb/libsysbase.a(iosupport.o)
 .comment       0x0000000000000022       0x23 /acct/mirandat/devkitPro/devkitARM/bin/../lib/gcc/arm-none-eabi/7.1.0/../../../../arm-none-eabi/lib/thumb/libsysbase.a(close.o)
 .comment       0x0000000000000022       0x23 /acct/mirandat/devkitPro/devkitARM/bin/../lib/gcc/arm-none-eabi/7.1.0/../../../../arm-none-eabi/lib/thumb/libsysbase.a(fstat.o)
 .comment       0x0000000000000022       0x23 /acct/mirandat/devkitPro/devkitARM/bin/../lib/gcc/arm-none-eabi/7.1.0/../../../../arm-none-eabi/lib/thumb/libsysbase.a(isatty.o)
 .comment       0x0000000000000022       0x23 /acct/mirandat/devkitPro/devkitARM/bin/../lib/gcc/arm-none-eabi/7.1.0/../../../../arm-none-eabi/lib/thumb/libsysbase.a(lseek.o)
 .comment       0x0000000000000022       0x23 /acct/mirandat/devkitPro/devkitARM/bin/../lib/gcc/arm-none-eabi/7.1.0/../../../../arm-none-eabi/lib/thumb/libsysbase.a(read.o)
 .comment       0x0000000000000022       0x23 /acct/mirandat/devkitPro/devkitARM/bin/../lib/gcc/arm-none-eabi/7.1.0/../../../../arm-none-eabi/lib/thumb/libsysbase.a(sbrk.o)
 .comment       0x0000000000000022       0x23 /acct/mirandat/devkitPro/devkitARM/bin/../lib/gcc/arm-none-eabi/7.1.0/../../../../arm-none-eabi/lib/thumb/libsysbase.a(write.o)
 .comment       0x0000000000000022       0x23 /acct/mirandat/devkitPro/devkitARM/bin/../lib/gcc/arm-none-eabi/7.1.0/../../../../arm-none-eabi/lib/thumb/libsysbase.a(malloc_vars.o)
 .comment       0x0000000000000022       0x23 /acct/mirandat/devkitPro/devkitARM/bin/../lib/gcc/arm-none-eabi/7.1.0/../../../../arm-none-eabi/lib/thumb/libsysbase.a(flock.o)
 .comment       0x0000000000000022       0x23 /acct/mirandat/devkitPro/devkitARM/bin/../lib/gcc/arm-none-eabi/7.1.0/../../../../arm-none-eabi/lib/thumb/libsysbase.a(syscall_support.o)
 .comment       0x0000000000000022       0x23 /acct/mirandat/devkitPro/devkitARM/bin/../lib/gcc/arm-none-eabi/7.1.0/../../../../arm-none-eabi/lib/thumb/libsysbase.a(handle_manager.o)
 .comment       0x0000000000000022       0x23 /acct/mirandat/devkitPro/devkitARM/bin/../lib/gcc/arm-none-eabi/7.1.0/../../../../arm-none-eabi/lib/thumb/libsysbase.a(getreent.o)
 .comment       0x0000000000000022       0x23 /acct/mirandat/devkitPro/devkitARM/bin/../lib/gcc/arm-none-eabi/7.1.0/thumb/libgcc.a(_muldi3.o)
 .comment       0x0000000000000022       0x23 /acct/mirandat/devkitPro/devkitARM/bin/../lib/gcc/arm-none-eabi/7.1.0/thumb/libgcc.a(_udivmoddi4.o)
 .comment       0x0000000000000022       0x23 /acct/mirandat/devkitPro/devkitARM/bin/../lib/gcc/arm-none-eabi/7.1.0/../../../../arm-none-eabi/lib/thumb/libg.a(lib_a-errno.o)
 .comment       0x0000000000000022       0x23 /acct/mirandat/devkitPro/devkitARM/bin/../lib/gcc/arm-none-eabi/7.1.0/thumb/crtend.o

.debug
 *(.debug)

.line
 *(.line)

.debug_srcinfo
 *(.debug_srcinfo)

.debug_sfnames
 *(.debug_sfnames)

.debug_aranges  0x0000000000000000      0x6e0
 *(.debug_aranges)
 .debug_aranges
                0x0000000000000000       0x28 ball.o
 .debug_aranges
                0x0000000000000028       0x20 tonc_bg_affine.o
 .debug_aranges
                0x0000000000000048       0x20 tonc_color.o
 .debug_aranges
                0x0000000000000068       0x20 tonc_sbmp8.o
 .debug_aranges
                0x0000000000000088       0x20 tonc_schr4r.o
 .debug_aranges
                0x00000000000000a8       0x20 tonc_bmp16.o
 .debug_aranges
                0x00000000000000c8       0x20 tonc_irq.o
 .debug_aranges
                0x00000000000000e8       0x20 tonc_bg.o
 .debug_aranges
                0x0000000000000108       0x20 tonc_obj_affine.o
 .debug_aranges
                0x0000000000000128       0x20 tonc_core.o
 .debug_aranges
                0x0000000000000148       0x20 tonc_schr4c.o
 .debug_aranges
                0x0000000000000168       0x20 tonc_math.o
 .debug_aranges
                0x0000000000000188       0x20 tonc_bmp8.o
 .debug_aranges
                0x00000000000001a8       0x20 tonc_surface.o
 .debug_aranges
                0x00000000000001c8       0x20 tonc_oam.o
 .debug_aranges
                0x00000000000001e8       0x20 tonc_sbmp16.o
 .debug_aranges
                0x0000000000000208       0x20 tonc_video.o
 .debug_aranges
                0x0000000000000228       0x20 tonc_input.o
 .debug_aranges
                0x0000000000000248       0x20 tte_init_chr4c.o
 .debug_aranges
                0x0000000000000268       0x20 obj_drawg.o
 .debug_aranges
                0x0000000000000288       0x20 bmp16_drawg_b1cs.o
 .debug_aranges
                0x00000000000002a8       0x20 tte_main.o
 .debug_aranges
                0x00000000000002c8       0x20 chr4r_drawg_b1cts.o
 .debug_aranges
                0x00000000000002e8       0x20 tte_init_obj.o
 .debug_aranges
                0x0000000000000308       0x20 tte_init_ase.o
 .debug_aranges
                0x0000000000000328       0x20 bmp16_drawg.o
 .debug_aranges
                0x0000000000000348       0x20 chr4c_drawg_b1cts.o
 .debug_aranges
                0x0000000000000368       0x20 tte_init_chr4r.o
 .debug_aranges
                0x0000000000000388       0x20 bmp8_drawg.o
 .debug_aranges
                0x00000000000003a8       0x20 chr4c_drawg_b4cts.o
 .debug_aranges
                0x00000000000003c8       0x20 ase_drawg.o
 .debug_aranges
                0x00000000000003e8       0x20 se_drawg.o
 .debug_aranges
                0x0000000000000408       0x20 tte_iohook.o
 .debug_aranges
                0x0000000000000428       0x20 tte_init_se.o
 .debug_aranges
                0x0000000000000448       0x20 tte_init_bmp.o
 .debug_aranges
                0x0000000000000468       0x20 bmp8_drawg_b1cs.o
 .debug_aranges
                0x0000000000000488       0x20 tonc_text_map.o
 .debug_aranges
                0x00000000000004a8       0x20 tonc_text.o
 .debug_aranges
                0x00000000000004c8       0x20 tonc_text_bm.o
 .debug_aranges
                0x00000000000004e8       0x20 tonc_text_oam.o
 .debug_aranges
                0x0000000000000508       0x20 tonc_bitmap.o
 .debug_aranges
                0x0000000000000528       0x20 tonc_isr_nest.o
 .debug_aranges
                0x0000000000000548       0x20 clr_blend_fast.o
 .debug_aranges
                0x0000000000000568       0x20 tonc_bios.o
 .debug_aranges
                0x0000000000000588       0x28 tonc_memcpy.o
 .debug_aranges
                0x00000000000005b0       0x20 tonc_bios_ex.o
 .debug_aranges
                0x00000000000005d0       0x28 tonc_nocash.o
 .debug_aranges
                0x00000000000005f8       0x20 clr_fade_fast.o
 .debug_aranges
                0x0000000000000618       0x20 tonc_isr_master.o
 .debug_aranges
                0x0000000000000638       0x28 tonc_memset.o
 .debug_aranges
                0x0000000000000660       0x20 chr4c_drawg_b4cts_fast.o
 .debug_aranges
                0x0000000000000680       0x20 bmp8_drawg_b1cts_fast.o
 .debug_aranges
                0x00000000000006a0       0x20 chr4r_drawg_b1cts_fast.o
 .debug_aranges
                0x00000000000006c0       0x20 chr4c_drawg_b1cts_fast.o

.debug_pubnames
 *(.debug_pubnames)

.debug_info     0x0000000000000000    0x26548
 *(.debug_info)
 .debug_info    0x0000000000000000     0x1b9e ball.o
 .debug_info    0x0000000000001b9e      0x602 tonc_bg_affine.o
 .debug_info    0x00000000000021a0      0xe76 tonc_color.o
 .debug_info    0x0000000000003016     0x13d2 tonc_sbmp8.o
 .debug_info    0x00000000000043e8     0x126f tonc_schr4r.o
 .debug_info    0x0000000000005657      0x5de tonc_bmp16.o
 .debug_info    0x0000000000005c35      0x5f2 tonc_irq.o
 .debug_info    0x0000000000006227      0x227 tonc_bg.o
 .debug_info    0x000000000000644e      0x80a tonc_obj_affine.o
 .debug_info    0x0000000000006c58      0x417 tonc_core.o
 .debug_info    0x000000000000706f     0x1f1e tonc_schr4c.o
 .debug_info    0x0000000000008f8d      0x3f2 tonc_math.o
 .debug_info    0x000000000000937f      0x9b0 tonc_bmp8.o
 .debug_info    0x0000000000009d2f      0xf4c tonc_surface.o
 .debug_info    0x000000000000ac7b      0x40c tonc_oam.o
 .debug_info    0x000000000000b087      0xf35 tonc_sbmp16.o
 .debug_info    0x000000000000bfbc      0x1ba tonc_video.o
 .debug_info    0x000000000000c176      0x402 tonc_input.o
 .debug_info    0x000000000000c578     0x152f tte_init_chr4c.o
 .debug_info    0x000000000000daa7     0x11f9 obj_drawg.o
 .debug_info    0x000000000000eca0     0x12c3 bmp16_drawg_b1cs.o
 .debug_info    0x000000000000ff63     0x23e0 tte_main.o
 .debug_info    0x0000000000012343     0x11e1 chr4r_drawg_b1cts.o
 .debug_info    0x0000000000013524     0x12eb tte_init_obj.o
 .debug_info    0x000000000001480f     0x12fe tte_init_ase.o
 .debug_info    0x0000000000015b0d     0x1269 bmp16_drawg.o
 .debug_info    0x0000000000016d76     0x11e1 chr4c_drawg_b1cts.o
 .debug_info    0x0000000000017f57     0x1527 tte_init_chr4r.o
 .debug_info    0x000000000001947e     0x125f bmp8_drawg.o
 .debug_info    0x000000000001a6dd     0x11eb chr4c_drawg_b4cts.o
 .debug_info    0x000000000001b8c8     0x14b4 ase_drawg.o
 .debug_info    0x000000000001cd7c     0x139c se_drawg.o
 .debug_info    0x000000000001e118     0x1daa tte_iohook.o
 .debug_info    0x000000000001fec2     0x13c2 tte_init_se.o
 .debug_info    0x0000000000021284     0x1228 tte_init_bmp.o
 .debug_info    0x00000000000224ac     0x1324 bmp8_drawg_b1cs.o
 .debug_info    0x00000000000237d0      0x50f tonc_text_map.o
 .debug_info    0x0000000000023cdf      0x3b7 tonc_text.o
 .debug_info    0x0000000000024096     0x103a tonc_text_bm.o
 .debug_info    0x00000000000250d0      0x53c tonc_text_oam.o
 .debug_info    0x000000000002560c      0x70d tonc_bitmap.o
 .debug_info    0x0000000000025d19       0x6c tonc_isr_nest.o
 .debug_info    0x0000000000025d85       0xa9 clr_blend_fast.o
 .debug_info    0x0000000000025e2e       0xa4 tonc_bios.o
 .debug_info    0x0000000000025ed2       0xa2 tonc_memcpy.o
 .debug_info    0x0000000000025f74       0xa7 tonc_bios_ex.o
 .debug_info    0x000000000002601b       0xa2 tonc_nocash.o
 .debug_info    0x00000000000260bd       0xa8 clr_fade_fast.o
 .debug_info    0x0000000000026165       0x6e tonc_isr_master.o
 .debug_info    0x00000000000261d3       0xa2 tonc_memset.o
 .debug_info    0x0000000000026275       0xb5 chr4c_drawg_b4cts_fast.o
 .debug_info    0x000000000002632a       0xb4 bmp8_drawg_b1cts_fast.o
 .debug_info    0x00000000000263de       0xb5 chr4r_drawg_b1cts_fast.o
 .debug_info    0x0000000000026493       0xb5 chr4c_drawg_b1cts_fast.o

.debug_abbrev   0x0000000000000000     0x6bb6
 *(.debug_abbrev)
 .debug_abbrev  0x0000000000000000      0x365 ball.o
 .debug_abbrev  0x0000000000000365      0x1ff tonc_bg_affine.o
 .debug_abbrev  0x0000000000000564      0x350 tonc_color.o
 .debug_abbrev  0x00000000000008b4      0x385 tonc_sbmp8.o
 .debug_abbrev  0x0000000000000c39      0x3a6 tonc_schr4r.o
 .debug_abbrev  0x0000000000000fdf      0x171 tonc_bmp16.o
 .debug_abbrev  0x0000000000001150      0x256 tonc_irq.o
 .debug_abbrev  0x00000000000013a6       0xef tonc_bg.o
 .debug_abbrev  0x0000000000001495      0x255 tonc_obj_affine.o
 .debug_abbrev  0x00000000000016ea      0x147 tonc_core.o
 .debug_abbrev  0x0000000000001831      0x3c9 tonc_schr4c.o
 .debug_abbrev  0x0000000000001bfa      0x199 tonc_math.o
 .debug_abbrev  0x0000000000001d93      0x2c1 tonc_bmp8.o
 .debug_abbrev  0x0000000000002054      0x2eb tonc_surface.o
 .debug_abbrev  0x000000000000233f      0x182 tonc_oam.o
 .debug_abbrev  0x00000000000024c1      0x320 tonc_sbmp16.o
 .debug_abbrev  0x00000000000027e1       0xc9 tonc_video.o
 .debug_abbrev  0x00000000000028aa      0x226 tonc_input.o
 .debug_abbrev  0x0000000000002ad0      0x302 tte_init_chr4c.o
 .debug_abbrev  0x0000000000002dd2      0x2de obj_drawg.o
 .debug_abbrev  0x00000000000030b0      0x27a bmp16_drawg_b1cs.o
 .debug_abbrev  0x000000000000332a      0x5f5 tte_main.o
 .debug_abbrev  0x000000000000391f      0x26b chr4r_drawg_b1cts.o
 .debug_abbrev  0x0000000000003b8a      0x30a tte_init_obj.o
 .debug_abbrev  0x0000000000003e94      0x301 tte_init_ase.o
 .debug_abbrev  0x0000000000004195      0x27a bmp16_drawg.o
 .debug_abbrev  0x000000000000440f      0x26b chr4c_drawg_b1cts.o
 .debug_abbrev  0x000000000000467a      0x30f tte_init_chr4r.o
 .debug_abbrev  0x0000000000004989      0x293 bmp8_drawg.o
 .debug_abbrev  0x0000000000004c1c      0x26b chr4c_drawg_b4cts.o
 .debug_abbrev  0x0000000000004e87      0x32c ase_drawg.o
 .debug_abbrev  0x00000000000051b3      0x2c0 se_drawg.o
 .debug_abbrev  0x0000000000005473      0x3f5 tte_iohook.o
 .debug_abbrev  0x0000000000005868      0x35e tte_init_se.o
 .debug_abbrev  0x0000000000005bc6      0x295 tte_init_bmp.o
 .debug_abbrev  0x0000000000005e5b      0x293 bmp8_drawg_b1cs.o
 .debug_abbrev  0x00000000000060ee      0x1c5 tonc_text_map.o
 .debug_abbrev  0x00000000000062b3      0x173 tonc_text.o
 .debug_abbrev  0x0000000000006426      0x266 tonc_text_bm.o
 .debug_abbrev  0x000000000000668c      0x1df tonc_text_oam.o
 .debug_abbrev  0x000000000000686b      0x24d tonc_bitmap.o
 .debug_abbrev  0x0000000000006ab8       0x14 tonc_isr_nest.o
 .debug_abbrev  0x0000000000006acc       0x14 clr_blend_fast.o
 .debug_abbrev  0x0000000000006ae0       0x14 tonc_bios.o
 .debug_abbrev  0x0000000000006af4       0x12 tonc_memcpy.o
 .debug_abbrev  0x0000000000006b06       0x14 tonc_bios_ex.o
 .debug_abbrev  0x0000000000006b1a       0x12 tonc_nocash.o
 .debug_abbrev  0x0000000000006b2c       0x14 clr_fade_fast.o
 .debug_abbrev  0x0000000000006b40       0x14 tonc_isr_master.o
 .debug_abbrev  0x0000000000006b54       0x12 tonc_memset.o
 .debug_abbrev  0x0000000000006b66       0x14 chr4c_drawg_b4cts_fast.o
 .debug_abbrev  0x0000000000006b7a       0x14 bmp8_drawg_b1cts_fast.o
 .debug_abbrev  0x0000000000006b8e       0x14 chr4r_drawg_b1cts_fast.o
 .debug_abbrev  0x0000000000006ba2       0x14 chr4c_drawg_b1cts_fast.o

.debug_line     0x0000000000000000     0x774a
 *(.debug_line)
 .debug_line    0x0000000000000000      0x4a5 ball.o
 .debug_line    0x00000000000004a5      0x19d tonc_bg_affine.o
 .debug_line    0x0000000000000642      0x4e1 tonc_color.o
 .debug_line    0x0000000000000b23      0x31e tonc_sbmp8.o
 .debug_line    0x0000000000000e41      0x45f tonc_schr4r.o
 .debug_line    0x00000000000012a0      0x184 tonc_bmp16.o
 .debug_line    0x0000000000001424      0x204 tonc_irq.o
 .debug_line    0x0000000000001628      0x122 tonc_bg.o
 .debug_line    0x000000000000174a      0x220 tonc_obj_affine.o
 .debug_line    0x000000000000196a      0x172 tonc_core.o
 .debug_line    0x0000000000001adc      0x5f5 tonc_schr4c.o
 .debug_line    0x00000000000020d1      0x14a tonc_math.o
 .debug_line    0x000000000000221b      0x272 tonc_bmp8.o
 .debug_line    0x000000000000248d      0x2a2 tonc_surface.o
 .debug_line    0x000000000000272f      0x133 tonc_oam.o
 .debug_line    0x0000000000002862      0x240 tonc_sbmp16.o
 .debug_line    0x0000000000002aa2       0xdc tonc_video.o
 .debug_line    0x0000000000002b7e      0x17b tonc_input.o
 .debug_line    0x0000000000002cf9      0x2b3 tte_init_chr4c.o
 .debug_line    0x0000000000002fac      0x2ae obj_drawg.o
 .debug_line    0x000000000000325a      0x311 bmp16_drawg_b1cs.o
 .debug_line    0x000000000000356b      0x760 tte_main.o
 .debug_line    0x0000000000003ccb      0x301 chr4r_drawg_b1cts.o
 .debug_line    0x0000000000003fcc      0x2b2 tte_init_obj.o
 .debug_line    0x000000000000427e      0x268 tte_init_ase.o
 .debug_line    0x00000000000044e6      0x2f6 bmp16_drawg.o
 .debug_line    0x00000000000047dc      0x2ee chr4c_drawg_b1cts.o
 .debug_line    0x0000000000004aca      0x2b2 tte_init_chr4r.o
 .debug_line    0x0000000000004d7c      0x2e7 bmp8_drawg.o
 .debug_line    0x0000000000005063      0x300 chr4c_drawg_b4cts.o
 .debug_line    0x0000000000005363      0x371 ase_drawg.o
 .debug_line    0x00000000000056d4      0x2be se_drawg.o
 .debug_line    0x0000000000005992      0x3bf tte_iohook.o
 .debug_line    0x0000000000005d51      0x278 tte_init_se.o
 .debug_line    0x0000000000005fc9      0x274 tte_init_bmp.o
 .debug_line    0x000000000000623d      0x345 bmp8_drawg_b1cs.o
 .debug_line    0x0000000000006582      0x13b tonc_text_map.o
 .debug_line    0x00000000000066bd      0x12e tonc_text.o
 .debug_line    0x00000000000067eb      0x33e tonc_text_bm.o
 .debug_line    0x0000000000006b29      0x157 tonc_text_oam.o
 .debug_line    0x0000000000006c80      0x21b tonc_bitmap.o
 .debug_line    0x0000000000006e9b       0x71 tonc_isr_nest.o
 .debug_line    0x0000000000006f0c       0x99 clr_blend_fast.o
 .debug_line    0x0000000000006fa5       0xbc tonc_bios.o
 .debug_line    0x0000000000007061       0xb6 tonc_memcpy.o
 .debug_line    0x0000000000007117       0x9e tonc_bios_ex.o
 .debug_line    0x00000000000071b5       0xa6 tonc_nocash.o
 .debug_line    0x000000000000725b       0x98 clr_fade_fast.o
 .debug_line    0x00000000000072f3       0x6b tonc_isr_master.o
 .debug_line    0x000000000000735e       0xb7 tonc_memset.o
 .debug_line    0x0000000000007415       0xce chr4c_drawg_b4cts_fast.o
 .debug_line    0x00000000000074e3       0xc2 bmp8_drawg_b1cts_fast.o
 .debug_line    0x00000000000075a5       0xd6 chr4r_drawg_b1cts_fast.o
 .debug_line    0x000000000000767b       0xcf chr4c_drawg_b1cts_fast.o

.debug_frame    0x0000000000000000     0x1b38
 *(.debug_frame)
 .debug_frame   0x0000000000000000       0x68 ball.o
 .debug_frame   0x0000000000000068       0xe4 tonc_bg_affine.o
 .debug_frame   0x000000000000014c      0x1bc tonc_color.o
 .debug_frame   0x0000000000000308      0x178 tonc_sbmp8.o
 .debug_frame   0x0000000000000480      0x144 tonc_schr4r.o
 .debug_frame   0x00000000000005c4       0xc8 tonc_bmp16.o
 .debug_frame   0x000000000000068c       0xd8 tonc_irq.o
 .debug_frame   0x0000000000000764       0x3c tonc_bg.o
 .debug_frame   0x00000000000007a0      0x100 tonc_obj_affine.o
 .debug_frame   0x00000000000008a0       0x84 tonc_core.o
 .debug_frame   0x0000000000000924      0x1b8 tonc_schr4c.o
 .debug_frame   0x0000000000000adc       0x54 tonc_math.o
 .debug_frame   0x0000000000000b30       0xe8 tonc_bmp8.o
 .debug_frame   0x0000000000000c18       0x70 tonc_surface.o
 .debug_frame   0x0000000000000c88       0x70 tonc_oam.o
 .debug_frame   0x0000000000000cf8      0x160 tonc_sbmp16.o
 .debug_frame   0x0000000000000e58       0x20 tonc_video.o
 .debug_frame   0x0000000000000e78       0x80 tonc_input.o
 .debug_frame   0x0000000000000ef8       0x54 tte_init_chr4c.o
 .debug_frame   0x0000000000000f4c       0x4c obj_drawg.o
 .debug_frame   0x0000000000000f98       0x68 bmp16_drawg_b1cs.o
 .debug_frame   0x0000000000001000      0x210 tte_main.o
 .debug_frame   0x0000000000001210       0x3c chr4r_drawg_b1cts.o
 .debug_frame   0x000000000000124c       0x3c tte_init_obj.o
 .debug_frame   0x0000000000001288       0x3c tte_init_ase.o
 .debug_frame   0x00000000000012c4       0x60 bmp16_drawg.o
 .debug_frame   0x0000000000001324       0x3c chr4c_drawg_b1cts.o
 .debug_frame   0x0000000000001360       0x54 tte_init_chr4r.o
 .debug_frame   0x00000000000013b4       0x68 bmp8_drawg.o
 .debug_frame   0x000000000000141c       0x3c chr4c_drawg_b4cts.o
 .debug_frame   0x0000000000001458       0xc4 ase_drawg.o
 .debug_frame   0x000000000000151c       0xa0 se_drawg.o
 .debug_frame   0x00000000000015bc       0x98 tte_iohook.o
 .debug_frame   0x0000000000001654       0x3c tte_init_se.o
 .debug_frame   0x0000000000001690       0x64 tte_init_bmp.o
 .debug_frame   0x00000000000016f4       0x68 bmp8_drawg_b1cs.o
 .debug_frame   0x000000000000175c       0x84 tonc_text_map.o
 .debug_frame   0x00000000000017e0       0x4c tonc_text.o
 .debug_frame   0x000000000000182c      0x154 tonc_text_bm.o
 .debug_frame   0x0000000000001980       0x84 tonc_text_oam.o
 .debug_frame   0x0000000000001a04      0x134 tonc_bitmap.o

.debug_str      0x0000000000000000     0x28f5
 *(.debug_str)
 .debug_str     0x0000000000000000      0x671 ball.o
                                        0x72d (size before relaxing)
 .debug_str     0x0000000000000671      0x12b tonc_bg_affine.o
                                        0x298 (size before relaxing)
 .debug_str     0x000000000000079c      0x183 tonc_color.o
                                        0x33d (size before relaxing)
 .debug_str     0x000000000000091f      0x26b tonc_sbmp8.o
                                        0x43e (size before relaxing)
 .debug_str     0x0000000000000b8a      0x113 tonc_schr4r.o
                                        0x3cb (size before relaxing)
 .debug_str     0x0000000000000c9d       0x52 tonc_bmp16.o
                                        0x241 (size before relaxing)
 .debug_str     0x0000000000000cef      0x190 tonc_irq.o
                                        0x32a (size before relaxing)
 .debug_str     0x0000000000000e7f       0x5a tonc_bg.o
                                        0x1d9 (size before relaxing)
 .debug_str     0x0000000000000ed9      0x10b tonc_obj_affine.o
                                        0x300 (size before relaxing)
 .debug_str     0x0000000000000fe4       0x7e tonc_core.o
                                        0x21c (size before relaxing)
 .debug_str     0x0000000000001062      0x124 tonc_schr4c.o
                                        0x469 (size before relaxing)
 .debug_str     0x0000000000001186       0x82 tonc_math.o
                                        0x217 (size before relaxing)
 .debug_str     0x0000000000001208       0x4d tonc_bmp8.o
                                        0x24e (size before relaxing)
 .debug_str     0x0000000000001255       0x91 tonc_surface.o
                                        0x7ce (size before relaxing)
 .debug_str     0x00000000000012e6       0x96 tonc_oam.o
                                        0x237 (size before relaxing)
 .debug_str     0x000000000000137c       0xeb tonc_sbmp16.o
                                        0x42d (size before relaxing)
 .debug_str     0x0000000000001467       0x52 tonc_video.o
                                        0x1c4 (size before relaxing)
 .debug_str     0x00000000000014b9       0xc3 tonc_input.o
                                        0x26e (size before relaxing)
 .debug_str     0x000000000000157c      0x324 tte_init_chr4c.o
                                        0xaf3 (size before relaxing)
 .debug_str     0x00000000000018a0       0x60 obj_drawg.o
                                        0x989 (size before relaxing)
 .debug_str     0x0000000000001900       0x77 bmp16_drawg_b1cs.o
                                        0x989 (size before relaxing)
 .debug_str     0x0000000000001977      0x208 tte_main.o
                                        0xcf1 (size before relaxing)
 .debug_str     0x0000000000001b7f       0x6d chr4r_drawg_b1cts.o
                                        0x984 (size before relaxing)
 .debug_str     0x0000000000001bec       0x92 tte_init_obj.o
                                        0xa23 (size before relaxing)
 .debug_str     0x0000000000001c7e       0x5c tte_init_ase.o
                                        0xa46 (size before relaxing)
 .debug_str     0x0000000000001cda       0x6e bmp16_drawg.o
                                        0x97a (size before relaxing)
 .debug_str     0x0000000000001d48       0x66 chr4c_drawg_b1cts.o
                                        0x984 (size before relaxing)
 .debug_str     0x0000000000001dae       0x6c tte_init_chr4r.o
                                        0xaf3 (size before relaxing)
 .debug_str     0x0000000000001e1a       0x65 bmp8_drawg.o
                                        0x973 (size before relaxing)
 .debug_str     0x0000000000001e7f       0x72 chr4c_drawg_b4cts.o
                                        0x98b (size before relaxing)
 .debug_str     0x0000000000001ef1       0x97 ase_drawg.o
                                        0x9a7 (size before relaxing)
 .debug_str     0x0000000000001f88       0x4b se_drawg.o
                                        0x9a3 (size before relaxing)
 .debug_str     0x0000000000001fd3      0x496 tte_iohook.o
                                        0xe9a (size before relaxing)
 .debug_str     0x0000000000002469       0x6b tte_init_se.o
                                        0xa50 (size before relaxing)
 .debug_str     0x00000000000024d4       0x79 tte_init_bmp.o
                                        0x9a3 (size before relaxing)
 .debug_str     0x000000000000254d       0x74 bmp8_drawg_b1cs.o
                                        0x990 (size before relaxing)
 .debug_str     0x00000000000025c1       0x8c tonc_text_map.o
                                        0x29f (size before relaxing)
 .debug_str     0x000000000000264d       0x8d tonc_text.o
                                        0x273 (size before relaxing)
 .debug_str     0x00000000000026da       0xe8 tonc_text_bm.o
                                        0x2c6 (size before relaxing)
 .debug_str     0x00000000000027c2       0x86 tonc_text_oam.o
                                        0x2a9 (size before relaxing)
 .debug_str     0x0000000000002848       0xad tonc_bitmap.o
                                        0x253 (size before relaxing)

.debug_loc      0x0000000000000000    0x16285
 *(.debug_loc)
 .debug_loc     0x0000000000000000     0x1834 ball.o
 .debug_loc     0x0000000000001834      0x2ce tonc_bg_affine.o
 .debug_loc     0x0000000000001b02     0x1ac8 tonc_color.o
 .debug_loc     0x00000000000035ca     0x1cea tonc_sbmp8.o
 .debug_loc     0x00000000000052b4     0x17bb tonc_schr4r.o
 .debug_loc     0x0000000000006a6f      0x86e tonc_bmp16.o
 .debug_loc     0x00000000000072dd      0x3fb tonc_irq.o
 .debug_loc     0x00000000000076d8      0x2a2 tonc_bg.o
 .debug_loc     0x000000000000797a      0x564 tonc_obj_affine.o
 .debug_loc     0x0000000000007ede      0x668 tonc_core.o
 .debug_loc     0x0000000000008546     0x2c81 tonc_schr4c.o
 .debug_loc     0x000000000000b1c7       0x8c tonc_math.o
 .debug_loc     0x000000000000b253      0xfc8 tonc_bmp8.o
 .debug_loc     0x000000000000c21b      0x377 tonc_surface.o
 .debug_loc     0x000000000000c592      0x2ec tonc_oam.o
 .debug_loc     0x000000000000c87e     0x12c7 tonc_sbmp16.o
 .debug_loc     0x000000000000db45       0x84 tonc_input.o
 .debug_loc     0x000000000000dbc9      0x270 tte_init_chr4c.o
 .debug_loc     0x000000000000de39       0xfa obj_drawg.o
 .debug_loc     0x000000000000df33      0x57b bmp16_drawg_b1cs.o
 .debug_loc     0x000000000000e4ae     0x127c tte_main.o
 .debug_loc     0x000000000000f72a      0x5c0 chr4r_drawg_b1cts.o
 .debug_loc     0x000000000000fcea      0x231 tte_init_obj.o
 .debug_loc     0x000000000000ff1b      0x27f tte_init_ase.o
 .debug_loc     0x000000000001019a      0x400 bmp16_drawg.o
 .debug_loc     0x000000000001059a      0x5c4 chr4c_drawg_b1cts.o
 .debug_loc     0x0000000000010b5e      0x212 tte_init_chr4r.o
 .debug_loc     0x0000000000010d70      0x2db bmp8_drawg.o
 .debug_loc     0x000000000001104b      0x53c chr4c_drawg_b4cts.o
 .debug_loc     0x0000000000011587      0x6e1 ase_drawg.o
 .debug_loc     0x0000000000011c68      0x4ce se_drawg.o
 .debug_loc     0x0000000000012136      0x59b tte_iohook.o
 .debug_loc     0x00000000000126d1      0x3c4 tte_init_se.o
 .debug_loc     0x0000000000012a95      0x258 tte_init_bmp.o
 .debug_loc     0x0000000000012ced      0x5b1 bmp8_drawg_b1cs.o
 .debug_loc     0x000000000001329e      0x307 tonc_text_map.o
 .debug_loc     0x00000000000135a5      0x281 tonc_text.o
 .debug_loc     0x0000000000013826     0x1b1f tonc_text_bm.o
 .debug_loc     0x0000000000015345      0x300 tonc_text_oam.o
 .debug_loc     0x0000000000015645      0xc40 tonc_bitmap.o

.debug_macinfo
 *(.debug_macinfo)

.debug_weaknames
 *(.debug_weaknames)

.debug_funcnames
 *(.debug_funcnames)

.debug_typenames
 *(.debug_typenames)

.debug_varnames
 *(.debug_varnames)

.stack          0x0000000000080000        0x0
                0x0000000000080000                _stack = .
 *(.stack)

.note.gnu.arm.ident
 *(.note.gnu.arm.ident)

.ARM.attributes
                0x0000000000000000       0x2c
 *(.ARM.attributes)
 .ARM.attributes
                0x0000000000000000       0x20 /acct/mirandat/devkitPro/devkitARM/bin/../lib/gcc/arm-none-eabi/7.1.0/../../../../arm-none-eabi/lib/thumb/gba_crt0.o
 .ARM.attributes
                0x0000000000000020       0x16 /acct/mirandat/devkitPro/devkitARM/bin/../lib/gcc/arm-none-eabi/7.1.0/thumb/crti.o
 .ARM.attributes
                0x0000000000000036       0x30 /acct/mirandat/devkitPro/devkitARM/bin/../lib/gcc/arm-none-eabi/7.1.0/thumb/crtbegin.o
 .ARM.attributes
                0x0000000000000066       0x2c ball.o
 .ARM.attributes
                0x0000000000000092       0x2c tonc_bg_affine.o
 .ARM.attributes
                0x00000000000000be       0x2c tonc_color.o
 .ARM.attributes
                0x00000000000000ea       0x2c tonc_sbmp8.o
 .ARM.attributes
                0x0000000000000116       0x2c tonc_schr4r.o
 .ARM.attributes
                0x0000000000000142       0x2c tonc_bmp16.o
 .ARM.attributes
                0x000000000000016e       0x2c tonc_irq.o
 .ARM.attributes
                0x000000000000019a       0x2c tonc_bg.o
 .ARM.attributes
                0x00000000000001c6       0x2c tonc_obj_affine.o
 .ARM.attributes
                0x00000000000001f2       0x2c tonc_core.o
 .ARM.attributes
                0x000000000000021e       0x2c tonc_schr4c.o
 .ARM.attributes
                0x000000000000024a       0x2c tonc_math.o
 .ARM.attributes
                0x0000000000000276       0x2c tonc_bmp8.o
 .ARM.attributes
                0x00000000000002a2       0x2c tonc_surface.o
 .ARM.attributes
                0x00000000000002ce       0x2c tonc_oam.o
 .ARM.attributes
                0x00000000000002fa       0x2c tonc_sbmp16.o
 .ARM.attributes
                0x0000000000000326       0x2c tonc_video.o
 .ARM.attributes
                0x0000000000000352       0x2c tonc_input.o
 .ARM.attributes
                0x000000000000037e       0x2c tte_init_chr4c.o
 .ARM.attributes
                0x00000000000003aa       0x2c obj_drawg.o
 .ARM.attributes
                0x00000000000003d6       0x2c bmp16_drawg_b1cs.o
 .ARM.attributes
                0x0000000000000402       0x2c tte_main.o
 .ARM.attributes
                0x000000000000042e       0x2c chr4r_drawg_b1cts.o
 .ARM.attributes
                0x000000000000045a       0x2c tte_init_obj.o
 .ARM.attributes
                0x0000000000000486       0x2c tte_init_ase.o
 .ARM.attributes
                0x00000000000004b2       0x2c bmp16_drawg.o
 .ARM.attributes
                0x00000000000004de       0x2c chr4c_drawg_b1cts.o
 .ARM.attributes
                0x000000000000050a       0x2c tte_init_chr4r.o
 .ARM.attributes
                0x0000000000000536       0x2c bmp8_drawg.o
 .ARM.attributes
                0x0000000000000562       0x2c chr4c_drawg_b4cts.o
 .ARM.attributes
                0x000000000000058e       0x2c ase_drawg.o
 .ARM.attributes
                0x00000000000005ba       0x2c se_drawg.o
 .ARM.attributes
                0x00000000000005e6       0x2c tte_iohook.o
 .ARM.attributes
                0x0000000000000612       0x2c tte_init_se.o
 .ARM.attributes
                0x000000000000063e       0x2c tte_init_bmp.o
 .ARM.attributes
                0x000000000000066a       0x2c bmp8_drawg_b1cs.o
 .ARM.attributes
                0x0000000000000696       0x2c tonc_text_map.o
 .ARM.attributes
                0x00000000000006c2       0x2c tonc_text.o
 .ARM.attributes
                0x00000000000006ee       0x2c tonc_text_bm.o
 .ARM.attributes
                0x000000000000071a       0x2c tonc_text_oam.o
 .ARM.attributes
                0x0000000000000746       0x2c tonc_bitmap.o
 .ARM.attributes
                0x0000000000000772       0x16 tonc_isr_nest.o
 .ARM.attributes
                0x0000000000000788       0x16 clr_blend_fast.o
 .ARM.attributes
                0x000000000000079e       0x14 div_lut.o
 .ARM.attributes
                0x00000000000007b2       0x14 tonc_bios.o
 .ARM.attributes
                0x00000000000007c6       0x16 tonc_memcpy.o
 .ARM.attributes
                0x00000000000007dc       0x14 sin_lut.o
 .ARM.attributes
                0x00000000000007f0       0x14 tonc_bios_ex.o
 .ARM.attributes
                0x0000000000000804       0x14 tonc_nocash.o
 .ARM.attributes
                0x0000000000000818       0x16 clr_fade_fast.o
 .ARM.attributes
                0x000000000000082e       0x16 tonc_isr_master.o
 .ARM.attributes
                0x0000000000000844       0x16 tonc_memset.o
 .ARM.attributes
                0x000000000000085a       0x16 chr4c_drawg_b4cts_fast.o
 .ARM.attributes
                0x0000000000000870       0x16 bmp8_drawg_b1cts_fast.o
 .ARM.attributes
                0x0000000000000886       0x14 tte_types.o
 .ARM.attributes
                0x000000000000089a       0x16 chr4r_drawg_b1cts_fast.o
 .ARM.attributes
                0x00000000000008b0       0x16 chr4c_drawg_b1cts_fast.o
 .ARM.attributes
                0x00000000000008c6       0x14 toncfont.o
 .ARM.attributes
                0x00000000000008da       0x18 /acct/mirandat/devkitPro/devkitARM/bin/../lib/gcc/arm-none-eabi/7.1.0/thumb/libgcc.a(_divsi3.o)
 .ARM.attributes
                0x00000000000008f2       0x16 /acct/mirandat/devkitPro/devkitARM/bin/../lib/gcc/arm-none-eabi/7.1.0/thumb/libgcc.a(_dvmd_tls.o)
 .ARM.attributes
                0x0000000000000908       0x30 /acct/mirandat/devkitPro/devkitARM/bin/../lib/gcc/arm-none-eabi/7.1.0/../../../../arm-none-eabi/lib/thumb/libg.a(lib_a-init.o)
 .ARM.attributes
                0x0000000000000938       0x30 /acct/mirandat/devkitPro/devkitARM/bin/../lib/gcc/arm-none-eabi/7.1.0/../../../../arm-none-eabi/lib/thumb/libg.a(lib_a-locale.o)
 .ARM.attributes
                0x0000000000000968       0x30 /acct/mirandat/devkitPro/devkitARM/bin/../lib/gcc/arm-none-eabi/7.1.0/../../../../arm-none-eabi/lib/thumb/libg.a(lib_a-mbtowc_r.o)
 .ARM.attributes
                0x0000000000000998       0x30 /acct/mirandat/devkitPro/devkitARM/bin/../lib/gcc/arm-none-eabi/7.1.0/../../../../arm-none-eabi/lib/thumb/libg.a(lib_a-memmove.o)
 .ARM.attributes
                0x00000000000009c8       0x30 /acct/mirandat/devkitPro/devkitARM/bin/../lib/gcc/arm-none-eabi/7.1.0/../../../../arm-none-eabi/lib/thumb/libg.a(lib_a-memset.o)
 .ARM.attributes
                0x00000000000009f8       0x30 /acct/mirandat/devkitPro/devkitARM/bin/../lib/gcc/arm-none-eabi/7.1.0/../../../../arm-none-eabi/lib/thumb/libg.a(lib_a-setvbuf.o)
 .ARM.attributes
                0x0000000000000a28       0x30 /acct/mirandat/devkitPro/devkitARM/bin/../lib/gcc/arm-none-eabi/7.1.0/../../../../arm-none-eabi/lib/thumb/libg.a(lib_a-siscanf.o)
 .ARM.attributes
                0x0000000000000a58       0x30 /acct/mirandat/devkitPro/devkitARM/bin/../lib/gcc/arm-none-eabi/7.1.0/../../../../arm-none-eabi/lib/thumb/libg.a(lib_a-stdio.o)
 .ARM.attributes
                0x0000000000000a88       0x30 /acct/mirandat/devkitPro/devkitARM/bin/../lib/gcc/arm-none-eabi/7.1.0/../../../../arm-none-eabi/lib/thumb/libg.a(lib_a-strcasecmp.o)
 .ARM.attributes
                0x0000000000000ab8       0x30 /acct/mirandat/devkitPro/devkitARM/bin/../lib/gcc/arm-none-eabi/7.1.0/../../../../arm-none-eabi/lib/thumb/libg.a(lib_a-strcat.o)
 .ARM.attributes
                0x0000000000000ae8       0x30 /acct/mirandat/devkitPro/devkitARM/bin/../lib/gcc/arm-none-eabi/7.1.0/../../../../arm-none-eabi/lib/thumb/libg.a(lib_a-strchr.o)
 .ARM.attributes
                0x0000000000000b18       0x16 /acct/mirandat/devkitPro/devkitARM/bin/../lib/gcc/arm-none-eabi/7.1.0/../../../../arm-none-eabi/lib/thumb/libg.a(lib_a-strcmp.o)
 .ARM.attributes
                0x0000000000000b2e       0x30 /acct/mirandat/devkitPro/devkitARM/bin/../lib/gcc/arm-none-eabi/7.1.0/../../../../arm-none-eabi/lib/thumb/libg.a(lib_a-strcpy.o)
 .ARM.attributes
                0x0000000000000b5e       0x30 /acct/mirandat/devkitPro/devkitARM/bin/../lib/gcc/arm-none-eabi/7.1.0/../../../../arm-none-eabi/lib/thumb/libg.a(lib_a-strlcpy.o)
 .ARM.attributes
                0x0000000000000b8e       0x30 /acct/mirandat/devkitPro/devkitARM/bin/../lib/gcc/arm-none-eabi/7.1.0/../../../../arm-none-eabi/lib/thumb/libg.a(lib_a-strlen-stub.o)
 .ARM.attributes
                0x0000000000000bbe       0x30 /acct/mirandat/devkitPro/devkitARM/bin/../lib/gcc/arm-none-eabi/7.1.0/../../../../arm-none-eabi/lib/thumb/libg.a(lib_a-strncasecmp.o)
 .ARM.attributes
                0x0000000000000bee       0x30 /acct/mirandat/devkitPro/devkitARM/bin/../lib/gcc/arm-none-eabi/7.1.0/../../../../arm-none-eabi/lib/thumb/libg.a(lib_a-strncmp.o)
 .ARM.attributes
                0x0000000000000c1e       0x30 /acct/mirandat/devkitPro/devkitARM/bin/../lib/gcc/arm-none-eabi/7.1.0/../../../../arm-none-eabi/lib/thumb/libg.a(lib_a-strncpy.o)
 .ARM.attributes
                0x0000000000000c4e       0x30 /acct/mirandat/devkitPro/devkitARM/bin/../lib/gcc/arm-none-eabi/7.1.0/../../../../arm-none-eabi/lib/thumb/libg.a(lib_a-strtol.o)
 .ARM.attributes
                0x0000000000000c7e       0x30 /acct/mirandat/devkitPro/devkitARM/bin/../lib/gcc/arm-none-eabi/7.1.0/../../../../arm-none-eabi/lib/thumb/libg.a(lib_a-svfiscanf.o)
 .ARM.attributes
                0x0000000000000cae       0x30 /acct/mirandat/devkitPro/devkitARM/bin/../lib/gcc/arm-none-eabi/7.1.0/../../../../arm-none-eabi/lib/thumb/libg.a(lib_a-ungetc.o)
 .ARM.attributes
                0x0000000000000cde       0x30 /acct/mirandat/devkitPro/devkitARM/bin/../lib/gcc/arm-none-eabi/7.1.0/../../../../arm-none-eabi/lib/thumb/libg.a(lib_a-wctomb_r.o)
 .ARM.attributes
                0x0000000000000d0e       0x30 /acct/mirandat/devkitPro/devkitARM/bin/../lib/gcc/arm-none-eabi/7.1.0/../../../../arm-none-eabi/lib/thumb/libg.a(lib_a-ctype_.o)
 .ARM.attributes
                0x0000000000000d3e       0x30 /acct/mirandat/devkitPro/devkitARM/bin/../lib/gcc/arm-none-eabi/7.1.0/../../../../arm-none-eabi/lib/thumb/libg.a(lib_a-fflush.o)
 .ARM.attributes
                0x0000000000000d6e       0x30 /acct/mirandat/devkitPro/devkitARM/bin/../lib/gcc/arm-none-eabi/7.1.0/../../../../arm-none-eabi/lib/thumb/libg.a(lib_a-findfp.o)
 .ARM.attributes
                0x0000000000000d9e       0x30 /acct/mirandat/devkitPro/devkitARM/bin/../lib/gcc/arm-none-eabi/7.1.0/../../../../arm-none-eabi/lib/thumb/libg.a(lib_a-freer.o)
 .ARM.attributes
                0x0000000000000dce       0x30 /acct/mirandat/devkitPro/devkitARM/bin/../lib/gcc/arm-none-eabi/7.1.0/../../../../arm-none-eabi/lib/thumb/libg.a(lib_a-fwalk.o)
 .ARM.attributes
                0x0000000000000dfe       0x30 /acct/mirandat/devkitPro/devkitARM/bin/../lib/gcc/arm-none-eabi/7.1.0/../../../../arm-none-eabi/lib/thumb/libg.a(lib_a-getenv_r.o)
 .ARM.attributes
                0x0000000000000e2e       0x30 /acct/mirandat/devkitPro/devkitARM/bin/../lib/gcc/arm-none-eabi/7.1.0/../../../../arm-none-eabi/lib/thumb/libg.a(lib_a-impure.o)
 .ARM.attributes
                0x0000000000000e5e       0x30 /acct/mirandat/devkitPro/devkitARM/bin/../lib/gcc/arm-none-eabi/7.1.0/../../../../arm-none-eabi/lib/thumb/libg.a(lib_a-iswspace.o)
 .ARM.attributes
                0x0000000000000e8e       0x30 /acct/mirandat/devkitPro/devkitARM/bin/../lib/gcc/arm-none-eabi/7.1.0/../../../../arm-none-eabi/lib/thumb/libg.a(lib_a-jp2uc.o)
 .ARM.attributes
                0x0000000000000ebe       0x30 /acct/mirandat/devkitPro/devkitARM/bin/../lib/gcc/arm-none-eabi/7.1.0/../../../../arm-none-eabi/lib/thumb/libg.a(lib_a-makebuf.o)
 .ARM.attributes
                0x0000000000000eee       0x30 /acct/mirandat/devkitPro/devkitARM/bin/../lib/gcc/arm-none-eabi/7.1.0/../../../../arm-none-eabi/lib/thumb/libg.a(lib_a-malloc.o)
 .ARM.attributes
                0x0000000000000f1e       0x30 /acct/mirandat/devkitPro/devkitARM/bin/../lib/gcc/arm-none-eabi/7.1.0/../../../../arm-none-eabi/lib/thumb/libg.a(lib_a-mallocr.o)
 .ARM.attributes
                0x0000000000000f4e       0x30 /acct/mirandat/devkitPro/devkitARM/bin/../lib/gcc/arm-none-eabi/7.1.0/../../../../arm-none-eabi/lib/thumb/libg.a(lib_a-mbrtowc.o)
 .ARM.attributes
                0x0000000000000f7e       0x30 /acct/mirandat/devkitPro/devkitARM/bin/../lib/gcc/arm-none-eabi/7.1.0/../../../../arm-none-eabi/lib/thumb/libg.a(lib_a-memcpy-stub.o)
 .ARM.attributes
                0x0000000000000fae       0x30 /acct/mirandat/devkitPro/devkitARM/bin/../lib/gcc/arm-none-eabi/7.1.0/../../../../arm-none-eabi/lib/thumb/libg.a(lib_a-mlock.o)
 .ARM.attributes
                0x0000000000000fde       0x30 /acct/mirandat/devkitPro/devkitARM/bin/../lib/gcc/arm-none-eabi/7.1.0/../../../../arm-none-eabi/lib/thumb/libg.a(lib_a-reallocr.o)
 .ARM.attributes
                0x000000000000100e       0x30 /acct/mirandat/devkitPro/devkitARM/bin/../lib/gcc/arm-none-eabi/7.1.0/../../../../arm-none-eabi/lib/thumb/libg.a(lib_a-sccl.o)
 .ARM.attributes
                0x000000000000103e       0x30 /acct/mirandat/devkitPro/devkitARM/bin/../lib/gcc/arm-none-eabi/7.1.0/../../../../arm-none-eabi/lib/thumb/libg.a(lib_a-strtoll.o)
 .ARM.attributes
                0x000000000000106e       0x30 /acct/mirandat/devkitPro/devkitARM/bin/../lib/gcc/arm-none-eabi/7.1.0/../../../../arm-none-eabi/lib/thumb/libg.a(lib_a-strtoull.o)
 .ARM.attributes
                0x000000000000109e       0x30 /acct/mirandat/devkitPro/devkitARM/bin/../lib/gcc/arm-none-eabi/7.1.0/../../../../arm-none-eabi/lib/thumb/libg.a(lib_a-strtoul.o)
 .ARM.attributes
                0x00000000000010ce       0x30 /acct/mirandat/devkitPro/devkitARM/bin/../lib/gcc/arm-none-eabi/7.1.0/../../../../arm-none-eabi/lib/thumb/libg.a(lib_a-environ.o)
 .ARM.attributes
                0x00000000000010fe       0x30 /acct/mirandat/devkitPro/devkitARM/bin/../lib/gcc/arm-none-eabi/7.1.0/../../../../arm-none-eabi/lib/thumb/libg.a(lib_a-envlock.o)
 .ARM.attributes
                0x000000000000112e       0x30 /acct/mirandat/devkitPro/devkitARM/bin/../lib/gcc/arm-none-eabi/7.1.0/../../../../arm-none-eabi/lib/thumb/libg.a(lib_a-fclose.o)
 .ARM.attributes
                0x000000000000115e       0x30 /acct/mirandat/devkitPro/devkitARM/bin/../lib/gcc/arm-none-eabi/7.1.0/../../../../arm-none-eabi/lib/thumb/libsysbase.a(iosupport.o)
 .ARM.attributes
                0x000000000000118e       0x30 /acct/mirandat/devkitPro/devkitARM/bin/../lib/gcc/arm-none-eabi/7.1.0/../../../../arm-none-eabi/lib/thumb/libsysbase.a(close.o)
 .ARM.attributes
                0x00000000000011be       0x30 /acct/mirandat/devkitPro/devkitARM/bin/../lib/gcc/arm-none-eabi/7.1.0/../../../../arm-none-eabi/lib/thumb/libsysbase.a(fstat.o)
 .ARM.attributes
                0x00000000000011ee       0x30 /acct/mirandat/devkitPro/devkitARM/bin/../lib/gcc/arm-none-eabi/7.1.0/../../../../arm-none-eabi/lib/thumb/libsysbase.a(isatty.o)
 .ARM.attributes
                0x000000000000121e       0x30 /acct/mirandat/devkitPro/devkitARM/bin/../lib/gcc/arm-none-eabi/7.1.0/../../../../arm-none-eabi/lib/thumb/libsysbase.a(lseek.o)
 .ARM.attributes
                0x000000000000124e       0x30 /acct/mirandat/devkitPro/devkitARM/bin/../lib/gcc/arm-none-eabi/7.1.0/../../../../arm-none-eabi/lib/thumb/libsysbase.a(read.o)
 .ARM.attributes
                0x000000000000127e       0x30 /acct/mirandat/devkitPro/devkitARM/bin/../lib/gcc/arm-none-eabi/7.1.0/../../../../arm-none-eabi/lib/thumb/libsysbase.a(sbrk.o)
 .ARM.attributes
                0x00000000000012ae       0x30 /acct/mirandat/devkitPro/devkitARM/bin/../lib/gcc/arm-none-eabi/7.1.0/../../../../arm-none-eabi/lib/thumb/libsysbase.a(write.o)
 .ARM.attributes
                0x00000000000012de       0x30 /acct/mirandat/devkitPro/devkitARM/bin/../lib/gcc/arm-none-eabi/7.1.0/../../../../arm-none-eabi/lib/thumb/libsysbase.a(malloc_vars.o)
 .ARM.attributes
                0x000000000000130e       0x30 /acct/mirandat/devkitPro/devkitARM/bin/../lib/gcc/arm-none-eabi/7.1.0/../../../../arm-none-eabi/lib/thumb/libsysbase.a(flock.o)
 .ARM.attributes
                0x000000000000133e       0x30 /acct/mirandat/devkitPro/devkitARM/bin/../lib/gcc/arm-none-eabi/7.1.0/../../../../arm-none-eabi/lib/thumb/libsysbase.a(syscall_support.o)
 .ARM.attributes
                0x000000000000136e       0x30 /acct/mirandat/devkitPro/devkitARM/bin/../lib/gcc/arm-none-eabi/7.1.0/../../../../arm-none-eabi/lib/thumb/libsysbase.a(handle_manager.o)
 .ARM.attributes
                0x000000000000139e       0x30 /acct/mirandat/devkitPro/devkitARM/bin/../lib/gcc/arm-none-eabi/7.1.0/../../../../arm-none-eabi/lib/thumb/libsysbase.a(getreent.o)
 .ARM.attributes
                0x00000000000013ce       0x18 /acct/mirandat/devkitPro/devkitARM/bin/../lib/gcc/arm-none-eabi/7.1.0/thumb/libgcc.a(_udivsi3.o)
 .ARM.attributes
                0x00000000000013e6       0x18 /acct/mirandat/devkitPro/devkitARM/bin/../lib/gcc/arm-none-eabi/7.1.0/thumb/libgcc.a(_aeabi_uldivmod.o)
 .ARM.attributes
                0x00000000000013fe       0x30 /acct/mirandat/devkitPro/devkitARM/bin/../lib/gcc/arm-none-eabi/7.1.0/thumb/libgcc.a(_muldi3.o)
 .ARM.attributes
                0x000000000000142e       0x30 /acct/mirandat/devkitPro/devkitARM/bin/../lib/gcc/arm-none-eabi/7.1.0/thumb/libgcc.a(_udivmoddi4.o)
 .ARM.attributes
                0x000000000000145e       0x18 /acct/mirandat/devkitPro/devkitARM/bin/../lib/gcc/arm-none-eabi/7.1.0/thumb/libgcc.a(_clzdi2.o)
 .ARM.attributes
                0x0000000000001476       0x18 /acct/mirandat/devkitPro/devkitARM/bin/../lib/gcc/arm-none-eabi/7.1.0/thumb/libgcc.a(_clzsi2.o)
 .ARM.attributes
                0x000000000000148e       0x30 /acct/mirandat/devkitPro/devkitARM/bin/../lib/gcc/arm-none-eabi/7.1.0/../../../../arm-none-eabi/lib/thumb/libg.a(lib_a-errno.o)
 .ARM.attributes
                0x00000000000014be       0x30 /acct/mirandat/devkitPro/devkitARM/bin/../lib/gcc/arm-none-eabi/7.1.0/thumb/crtend.o
 .ARM.attributes
                0x00000000000014ee       0x16 /acct/mirandat/devkitPro/devkitARM/bin/../lib/gcc/arm-none-eabi/7.1.0/thumb/crtn.o

/DISCARD/
 *(.note.GNU-stack)
LOAD /acct/mirandat/devkitPro/devkitARM/bin/../lib/gcc/arm-none-eabi/7.1.0/../../../../arm-none-eabi/lib/thumb/gba_crt0.o
LOAD /acct/mirandat/devkitPro/devkitARM/bin/../lib/gcc/arm-none-eabi/7.1.0/thumb/crti.o
LOAD /acct/mirandat/devkitPro/devkitARM/bin/../lib/gcc/arm-none-eabi/7.1.0/thumb/crtbegin.o
LOAD ball.o
LOAD tonc_bg_affine.o
LOAD tonc_color.o
LOAD tonc_sbmp8.o
LOAD tonc_schr4r.o
LOAD tonc_bmp16.o
LOAD tonc_irq.o
LOAD tonc_bg.o
LOAD tonc_obj_affine.o
LOAD tonc_core.o
LOAD tonc_schr4c.o
LOAD tonc_math.o
LOAD tonc_bmp8.o
LOAD tonc_surface.o
LOAD tonc_oam.o
LOAD tonc_sbmp16.o
LOAD tonc_video.o
LOAD tonc_input.o
LOAD tte_init_chr4c.o
LOAD obj_drawg.o
LOAD bmp16_drawg_b1cs.o
LOAD tte_main.o
LOAD chr4r_drawg_b1cts.o
LOAD tte_init_obj.o
LOAD tte_init_ase.o
LOAD bmp16_drawg.o
LOAD chr4c_drawg_b1cts.o
LOAD tte_init_chr4r.o
LOAD bmp8_drawg.o
LOAD chr4c_drawg_b4cts.o
LOAD ase_drawg.o
LOAD se_drawg.o
LOAD tte_iohook.o
LOAD tte_init_se.o
LOAD tte_init_bmp.o
LOAD bmp8_drawg_b1cs.o
LOAD tonc_text_map.o
LOAD tonc_text.o
LOAD tonc_text_bm.o
LOAD tonc_text_oam.o
LOAD tonc_bitmap.o
LOAD tonc_isr_nest.o
LOAD clr_blend_fast.o
LOAD div_lut.o
LOAD tonc_bios.o
LOAD tonc_memcpy.o
LOAD sin_lut.o
LOAD tonc_bios_ex.o
LOAD tonc_nocash.o
LOAD clr_fade_fast.o
LOAD tonc_isr_master.o
LOAD tonc_memset.o
LOAD chr4c_drawg_b4cts_fast.o
LOAD bmp8_drawg_b1cts_fast.o
LOAD tte_types.o
LOAD chr4r_drawg_b1cts_fast.o
LOAD chr4c_drawg_b1cts_fast.o
LOAD toncfont.o
LOAD /acct/mirandat/devkitPro/libgba/lib/libmm.a
LOAD /acct/mirandat/devkitPro/libgba/lib/libgba.a
START GROUP
LOAD /acct/mirandat/devkitPro/devkitARM/bin/../lib/gcc/arm-none-eabi/7.1.0/thumb/libgcc.a
LOAD /acct/mirandat/devkitPro/devkitARM/bin/../lib/gcc/arm-none-eabi/7.1.0/../../../../arm-none-eabi/lib/thumb/libg.a
LOAD /acct/mirandat/devkitPro/devkitARM/bin/../lib/gcc/arm-none-eabi/7.1.0/../../../../arm-none-eabi/lib/thumb/libc.a
LOAD /acct/mirandat/devkitPro/devkitARM/bin/../lib/gcc/arm-none-eabi/7.1.0/../../../../arm-none-eabi/lib/thumb/libsysbase.a
END GROUP
LOAD /acct/mirandat/devkitPro/devkitARM/bin/../lib/gcc/arm-none-eabi/7.1.0/thumb/crtend.o
LOAD /acct/mirandat/devkitPro/devkitARM/bin/../lib/gcc/arm-none-eabi/7.1.0/thumb/crtn.o
OUTPUT(/acct/mirandat/devkitPro/examples/gba/ball-demo/ball-demo.elf elf32-littlearm)

.debug_ranges   0x0000000000000000     0x1458
 .debug_ranges  0x0000000000000000      0x128 ball.o
 .debug_ranges  0x0000000000000128       0x68 tonc_bg_affine.o
 .debug_ranges  0x0000000000000190      0x130 tonc_color.o
 .debug_ranges  0x00000000000002c0      0x198 tonc_sbmp8.o
 .debug_ranges  0x0000000000000458      0x248 tonc_schr4r.o
 .debug_ranges  0x00000000000006a0       0xe8 tonc_obj_affine.o
 .debug_ranges  0x0000000000000788       0x30 tonc_core.o
 .debug_ranges  0x00000000000007b8      0x458 tonc_schr4c.o
 .debug_ranges  0x0000000000000c10       0x60 tonc_math.o
 .debug_ranges  0x0000000000000c70       0x88 tonc_bmp8.o
 .debug_ranges  0x0000000000000cf8       0x48 tonc_sbmp16.o
 .debug_ranges  0x0000000000000d40       0x70 tonc_input.o
 .debug_ranges  0x0000000000000db0       0x40 obj_drawg.o
 .debug_ranges  0x0000000000000df0       0x30 bmp16_drawg_b1cs.o
 .debug_ranges  0x0000000000000e20      0x1b0 tte_main.o
 .debug_ranges  0x0000000000000fd0       0x18 chr4r_drawg_b1cts.o
 .debug_ranges  0x0000000000000fe8       0x30 bmp16_drawg.o
 .debug_ranges  0x0000000000001018       0x18 chr4c_drawg_b1cts.o
 .debug_ranges  0x0000000000001030       0x30 bmp8_drawg.o
 .debug_ranges  0x0000000000001060       0x18 chr4c_drawg_b4cts.o
 .debug_ranges  0x0000000000001078       0xc0 ase_drawg.o
 .debug_ranges  0x0000000000001138       0x18 se_drawg.o
 .debug_ranges  0x0000000000001150       0x60 tte_iohook.o
 .debug_ranges  0x00000000000011b0       0x18 tte_init_se.o
 .debug_ranges  0x00000000000011c8       0x30 bmp8_drawg_b1cs.o
 .debug_ranges  0x00000000000011f8       0x20 tonc_text.o
 .debug_ranges  0x0000000000001218      0x178 tonc_text_bm.o
 .debug_ranges  0x0000000000001390       0x20 tonc_text_oam.o
 .debug_ranges  0x00000000000013b0       0x48 tonc_bitmap.o
 .debug_ranges  0x00000000000013f8       0x20 tonc_memcpy.o
 .debug_ranges  0x0000000000001418       0x20 tonc_nocash.o
 .debug_ranges  0x0000000000001438       0x20 tonc_memset.o
